Archive member included to satisfy reference by file (symbol)

C:/devkitPro/libnds/lib\libfat.a(libfat.o)
                              main.o (fatInitDefault)
C:/devkitPro/libnds/lib\libfat.a(partition.o)
                              C:/devkitPro/libnds/lib\libfat.a(libfat.o) (_FAT_partition_constructor)
C:/devkitPro/libnds/lib\libfat.a(lock.o)
                              C:/devkitPro/libnds/lib\libfat.a(partition.o) (_FAT_lock_init)
C:/devkitPro/libnds/lib\libfat.a(fatdir.o)
                              C:/devkitPro/libnds/lib\libfat.a(libfat.o) (_FAT_stat_r)
C:/devkitPro/libnds/lib\libfat.a(cache.o)
                              C:/devkitPro/libnds/lib\libfat.a(partition.o) (_FAT_cache_constructor)
C:/devkitPro/libnds/lib\libfat.a(fatfile.o)
                              C:/devkitPro/libnds/lib\libfat.a(libfat.o) (_FAT_open_r)
C:/devkitPro/libnds/lib\libfat.a(disc.o)
                              C:/devkitPro/libnds/lib\libfat.a(libfat.o) (_FAT_disc_interfaces)
C:/devkitPro/libnds/lib\libfat.a(file_allocation_table.o)
                              C:/devkitPro/libnds/lib\libfat.a(fatfile.o) (_FAT_fat_nextCluster)
C:/devkitPro/libnds/lib\libfat.a(filetime.o)
                              C:/devkitPro/libnds/lib\libfat.a(fatdir.o) (_FAT_filetime_getTimeFromRTC)
C:/devkitPro/libnds/lib\libfat.a(directory.o)
                              C:/devkitPro/libnds/lib\libfat.a(fatdir.o) (_FAT_directory_entryGetCluster)
C:/devkitPro/libnds/lib\libnds9.a(decompress.o)
                              main.o (decompress)
C:/devkitPro/libnds/lib\libnds9.a(gurumeditation.o)
                              main.o (defaultExceptionHandler)
C:/devkitPro/libnds/lib\libnds9.a(console.o)
                              C:/devkitPro/libnds/lib\libnds9.a(gurumeditation.o) (consoleDemoInit)
C:/devkitPro/libnds/lib\libnds9.a(exceptions.o)
                              C:/devkitPro/libnds/lib\libnds9.a(gurumeditation.o) (setExceptionHandler)
C:/devkitPro/libnds/lib\libnds9.a(system.o)
                              main.o (enableSlot1)
C:/devkitPro/libnds/lib\libnds9.a(background.o)
                              C:/devkitPro/libnds/lib\libnds9.a(console.o) (bgState)
C:/devkitPro/libnds/lib\libnds9.a(dldi.o)
                              C:/devkitPro/libnds/lib\libfat.a(disc.o) (dldiGetInternal)
C:/devkitPro/libnds/lib\libnds9.a(sd.twl.o)
                              C:/devkitPro/libnds/lib\libnds9.a(dldi.o) (__io_dsisd)
C:/devkitPro/libnds/lib\libnds9.a(securearea.o)
                              c:/devkitpro/devkitarm/bin/../lib/gcc/arm-none-eabi/7.1.0/../../../../arm-none-eabi/lib/thumb/ds_arm9_crt0.o (__secure_area__)
C:/devkitPro/libnds/lib\libnds9.a(initSystem.o)
                              c:/devkitpro/devkitarm/bin/../lib/gcc/arm-none-eabi/7.1.0/../../../../arm-none-eabi/lib/thumb/ds_arm9_crt0.o (initSystem)
C:/devkitPro/libnds/lib\libnds9.a(fifosystem.o)
                              C:/devkitPro/libnds/lib\libnds9.a(initSystem.o) (fifoSetValue32Handler)
C:/devkitPro/libnds/lib\libnds9.a(syscalls.o)
                              C:/devkitPro/libnds/lib\libnds9.a(decompress.o) (swiDecompressLZSSVram)
C:/devkitPro/libnds/lib\libnds9.a(card.o)
                              nds_card.o (cardParamCommand)
C:/devkitPro/libnds/lib\libnds9.a(libnds_exit.arm.o)
                              c:/devkitpro/devkitarm/bin/../lib/gcc/arm-none-eabi/7.1.0/../../../../arm-none-eabi/lib/thumb/ds_arm9_crt0.o (__libnds_exit)
C:/devkitPro/libnds/lib\libnds9.a(interrupts.o)
                              C:/devkitPro/libnds/lib\libnds9.a(fifosystem.o) (irqSet)
C:/devkitPro/libnds/lib\libnds9.a(reset.o)
                              nds_loader_arm9.o (resetARM7)
C:/devkitPro/libnds/lib\libnds9.a(dcache.o)
                              C:/devkitPro/libnds/lib\libnds9.a(sd.twl.o) (DC_FlushRange)
C:/devkitPro/libnds/lib\libnds9.a(exceptionHandler.o)
                              C:/devkitPro/libnds/lib\libnds9.a(gurumeditation.o) (getCPSR)
C:/devkitPro/libnds/lib\libnds9.a(dldi_stub.o)
                              C:/devkitPro/libnds/lib\libnds9.a(dldi.o) (_io_dldi_stub)
C:/devkitPro/libnds/lib\libnds9.a(cpu_clock.o)
                              C:/devkitPro/libnds/lib\libnds9.a(initSystem.o) (setCpuClock)
C:/devkitPro/libnds/lib\libnds9.a(IntrWait.o)
                              main.o (swiWaitForVBlank)
C:/devkitPro/libnds/lib\libnds9.a(mpu_setup.o)
                              c:/devkitpro/devkitarm/bin/../lib/gcc/arm-none-eabi/7.1.0/../../../../arm-none-eabi/lib/thumb/ds_arm9_crt0.o (__libnds_mpu_setup)
C:/devkitPro/libnds/lib\libnds9.a(swiSoftReset.o)
                              nds_loader_arm9.o (swiSoftReset)
C:/devkitPro/libnds/lib\libnds9.a(debugprint.o)
                              C:/devkitPro/libnds/lib\libnds9.a(console.o) (nocashWrite)
C:/devkitPro/libnds/lib\libnds9.a(biosCalls.o)
                              C:/devkitPro/libnds/lib\libnds9.a(system.o) (swiDelay)
C:/devkitPro/libnds/lib\libnds9.a(interruptDispatcher.o)
[...]
Memory Configuration

Name             Origin             Length             Attributes
ewram            0x02000000         0x00380000
dtcm             0x0b000000         0x00004000
vectors          0x01000000         0x00000100
itcm             0x01000100         0x00007f00
*default*        0x00000000         0xffffffff

Linker script and memory map

                0x02380000                __ewram_end = (ORIGIN (ewram) + LENGTH (ewram))
                0x02380000                __eheap_end = (ORIGIN (ewram) + LENGTH (ewram))
                0x0b004000                __dtcm_top = (ORIGIN (dtcm) + LENGTH (dtcm))
                0x0b003ff8                __irq_flags = (__dtcm_top - 0x8)
                0x0b003ffc                __irq_vector = (__dtcm_top - 0x4)
                0x0b003f00                __sp_svc = (__dtcm_top - 0x100)
                0x0b003e00                __sp_irq = (__sp_svc - 0x100)
                0x0b003d00                __sp_usr = (__sp_irq - 0x100)

.secure         0x02000000      0x800
 *(.secure)
 .secure        0x02000000      0x800 C:/devkitPro/libnds/lib\libnds9.a(securearea.o)
                0x02000000                __secure_area__

.crt0           0x02000800      0x300
                0x02000800                __text_start = .
 *(.crt0)
 .crt0          0x02000800      0x300 c:/devkitpro/devkitarm/bin/../lib/gcc/arm-none-eabi/7.1.0/../../../../arm-none-eabi/lib/thumb/ds_arm9_crt0.o
                0x02000800                _start
                0x02000b00                . = ALIGN (0x4)

.plt
 *(.plt)

.init           0x02000b00        0xc
 *(SORT(.init))
 .init          0x02000b00        0x4 c:/devkitpro/devkitarm/bin/../lib/gcc/arm-none-eabi/7.1.0/thumb/crti.o
                0x02000b00                _init
 .init          0x02000b04        0x8 c:/devkitpro/devkitarm/bin/../lib/gcc/arm-none-eabi/7.1.0/thumb/crtn.o

.text           0x02000b40    0x25e68
 *(EXCLUDE_FILE(*.twl* *.vectors* *.itcm*) .text)
 .text          0x02000b40      0x170 main.o
                0x02000b40                vramcpy_ui(void*, void const*, int)
                0x02000b5c                BootSplashInit()
                0x02000bcc                LoadScreen()
                0x02000c38                CartridgePrompt()
 .text          0x02000cb0     0x1470 inifile.o
                0x02000d0c                CIniFile::CIniFile()
                0x02000d0c                CIniFile::CIniFile()
                0x02000d48                CIniFile::SaveIniFile(std::__cxx11::basic_string<char, std::char_traits<char>, std::allocator<char> > const&)
                0x02000efc                CIniFile::SaveIniFileModified(std::__cxx11::basic_string<char, std::char_traits<char>, std::allocator<char> > const&)
                0x02000f14                CIniFile::ReplaceLine(unsigned int, std::__cxx11::basic_string<char, std::char_traits<char>, std::allocator<char> > const&)
                0x02000f2c                CIniFile::~CIniFile()
                0x02000f2c                CIniFile::~CIniFile()
                0x02000fa4                CIniFile::~CIniFile()
                0x02000fb8                CIniFile::LoadIniFile(std::__cxx11::basic_string<char, std::char_traits<char>, std::allocator<char> > const&)
                0x020012a0                CIniFile::CIniFile(std::__cxx11::basic_string<char, std::char_traits<char>, std::allocator<char> > const&)
                0x020012a0                CIniFile::CIniFile(std::__cxx11::basic_string<char, std::char_traits<char>, std::allocator<char> > const&)
                0x020012f0                CIniFile::InsertLine(unsigned int, std::__cxx11::basic_string<char, std::char_traits<char>, std::allocator<char> > const&)
                0x0200130c                CIniFile::SetFileString(std::__cxx11::basic_string<char, std::char_traits<char>, std::allocator<char> > const&, std::__cxx11::basic_string<char, std::char_traits<char>, std::allocator<char> > const&, std::__cxx11::basic_string<char, std::char_traits<char>, std::allocator<char> > const&)
                0x0200187c                CIniFile::GetFileString(std::__cxx11::basic_string<char, std::char_traits<char>, std::allocator<char> > const&, std::__cxx11::basic_string<char, std::char_traits<char>, std::allocator<char> > const&)
                0x02001cfc                CIniFile::SetString(std::__cxx11::basic_string<char, std::char_traits<char>, std::allocator<char> > const&, std::__cxx11::basic_string<char, std::char_traits<char>, std::allocator<char> > const&, std::__cxx11::basic_string<char, std::char_traits<char>, std::allocator<char> > const&)
                0x02001d68                CIniFile::SetStringVector(std::__cxx11::basic_string<char, std::char_traits<char>, std::allocator<char> > const&, std::__cxx11::basic_string<char, std::char_traits<char>, std::allocator<char> > const&, std::vector<std::__cxx11::basic_string<char, std::char_traits<char>, std::allocator<char> >, std::allocator<std::__cxx11::basic_string<char, std::char_traits<char>, std::allocator<char> > > >&, char)
                0x02001e38                CIniFile::SetInt(std::__cxx11::basic_string<char, std::char_traits<char>, std::allocator<char> > const&, std::__cxx11::basic_string<char, std::char_traits<char>, std::allocator<char> > const&, int)
                0x02001ee0                CIniFile::GetString(std::__cxx11::basic_string<char, std::char_traits<char>, std::allocator<char> > const&, std::__cxx11::basic_string<char, std::char_traits<char>, std::allocator<char> > const&)
                0x02001eec                CIniFile::GetString(std::__cxx11::basic_string<char, std::char_traits<char>, std::allocator<char> > const&, std::__cxx11::basic_string<char, std::char_traits<char>, std::allocator<char> > const&, std::__cxx11::basic_string<char, std::char_traits<char>, std::allocator<char> > const&)
                0x02001f1c                CIniFile::GetStringVector(std::__cxx11::basic_string<char, std::char_traits<char>, std::allocator<char> > const&, std::__cxx11::basic_string<char, std::char_traits<char>, std::allocator<char> > const&, std::vector<std::__cxx11::basic_string<char, std::char_traits<char>, std::allocator<char> >, std::allocator<std::__cxx11::basic_string<char, std::char_traits<char>, std::allocator<char> > > >&, char)
                0x020020a8                CIniFile::GetInt(std::__cxx11::basic_string<char, std::char_traits<char>, std::allocator<char> > const&, std::__cxx11::basic_string<char, std::char_traits<char>, std::allocator<char> > const&)
                0x020020f8                CIniFile::GetInt(std::__cxx11::basic_string<char, std::char_traits<char>, std::allocator<char> > const&, std::__cxx11::basic_string<char, std::char_traits<char>, std::allocator<char> > const&, int)
 .text          0x02002120      0x1dc nds_loader_arm9.o
                0x02002120                runNds
                0x02002284                runNdsFile
 *fill*         0x020022fc        0x4 ff
 .text          0x02002300     0x4000 C:/devkitPro/libnds/lib\libnds9.a(dldi_stub.o)
                0x02002300                _io_dldi_stub
 .text          0x02006300      0x11c c:/devkitpro/devkitarm/bin/../lib/gcc/arm-none-eabi/7.1.0/thumb\libgcc.a(_udivsi3.o)
                0x02006300                __aeabi_uidiv
                0x02006300                __udivsi3
                0x020063fc                __aeabi_uidivmod
 .text          0x0200641c      0x150 c:/devkitpro/devkitarm/bin/../lib/gcc/arm-none-eabi/7.1.0/thumb\libgcc.a(_divsi3.o)
                0x0200641c                __divsi3
                0x0200641c                __aeabi_idiv
                0x0200654c                __aeabi_idivmod
 .text          0x0200656c        0x4 c:/devkitpro/devkitarm/bin/../lib/gcc/arm-none-eabi/7.1.0/thumb\libgcc.a(_dvmd_tls.o)
                0x0200656c                __aeabi_idiv0
                0x0200656c                __aeabi_ldiv0
 .text          0x02006570       0xd4 c:/devkitpro/devkitarm/bin/../lib/gcc/arm-none-eabi/7.1.0/thumb\libgcc.a(_aeabi_ldivmod.o)
                0x02006570                __aeabi_ldivmod
 .text          0x02006644      0x1d8 c:/devkitpro/devkitarm/bin/../lib/gcc/arm-none-eabi/7.1.0/thumb\libgcc.a(libunwind.o)
                0x02006644                __restore_core_regs
                0x02006644                restore_core_regs
                0x02006660                __gnu_Unwind_Restore_VFP
                0x02006668                __gnu_Unwind_Save_VFP
                0x02006670                __gnu_Unwind_Restore_VFP_D
                0x02006678                __gnu_Unwind_Save_VFP_D
                0x02006680                __gnu_Unwind_Restore_VFP_D_16_to_31
                0x02006688                __gnu_Unwind_Save_VFP_D_16_to_31
                0x02006690                __gnu_Unwind_Restore_WMMXD
                0x020066d4                __gnu_Unwind_Save_WMMXD
                0x02006718                __gnu_Unwind_Restore_WMMXC
                0x0200672c                __gnu_Unwind_Save_WMMXC
                0x02006740                ___Unwind_RaiseException
                0x02006740                _Unwind_RaiseException
                0x0200676c                _Unwind_Resume
                0x0200676c                ___Unwind_Resume
                0x02006798                _Unwind_Resume_or_Rethrow
                0x02006798                ___Unwind_Resume_or_Rethrow
                0x020067c4                _Unwind_ForcedUnwind
                0x020067c4                ___Unwind_ForcedUnwind
                0x020067f0                ___Unwind_Backtrace
                0x020067f0                _Unwind_Backtrace
 .text          0x0200681c       0x28 c:/devkitpro/devkitarm/bin/../lib/gcc/arm-none-eabi/7.1.0/thumb\libgcc.a(_clzdi2.o)
                0x0200681c                __clzdi2
 .text          0x02006844       0x48 c:/devkitpro/devkitarm/bin/../lib/gcc/arm-none-eabi/7.1.0/thumb\libgcc.a(_clzsi2.o)
                0x02006844                __clzsi2
 .text          0x0200688c      0x224 c:/devkitpro/devkitarm/bin/../lib/gcc/arm-none-eabi/7.1.0/../../../../arm-none-eabi/lib/thumb\libg.a(lib_a-strcmp.o)
                0x0200688c                strcmp
 .text          0x02006ab0      0x424 c:/devkitpro/devkitarm/bin/../lib/gcc/arm-none-eabi/7.1.0/thumb\libgcc.a(_arm_addsubdf3.o)
                0x02006ab0                __aeabi_drsub
                0x02006ab8                __aeabi_dsub
                0x02006ab8                __subdf3
                0x02006abc                __aeabi_dadd
                0x02006abc                __adddf3
                0x02006dcc                __floatunsidf
                0x02006dcc                __aeabi_ui2d
                0x02006df0                __floatsidf
                0x02006df0                __aeabi_i2d
                0x02006e18                __aeabi_f2d
                0x02006e18                __extendsfdf2
                0x02006e60                __floatundidf
                0x02006e60                __aeabi_ul2d
                0x02006e74                __floatdidf
                0x02006e74                __aeabi_l2d
 .text          0x02006ed4      0x49c c:/devkitpro/devkitarm/bin/../lib/gcc/arm-none-eabi/7.1.0/thumb\libgcc.a(_arm_muldivdf3.o)
                0x02006ed4                __aeabi_dmul
                0x02006ed4                __muldf3
                0x02007164                __divdf3
                0x02007164                __aeabi_ddiv
 .text          0x02007370      0x144 c:/devkitpro/devkitarm/bin/../lib/gcc/arm-none-eabi/7.1.0/thumb\libgcc.a(_arm_cmpdf2.o)
                0x02007370                __gtdf2
                0x02007370                __gedf2
                0x02007378                __ltdf2
                0x02007378                __ledf2
                0x02007380                __nedf2
                0x02007380                __eqdf2
                0x02007380                __cmpdf2
                0x02007408                __aeabi_cdrcmple
                0x02007424                __aeabi_cdcmpeq
                0x02007424                __aeabi_cdcmple
                0x0200743c                __aeabi_dcmpeq
                0x02007454                __aeabi_dcmplt
                0x0200746c                __aeabi_dcmple
                0x02007484                __aeabi_dcmpge
                0x0200749c                __aeabi_dcmpgt
 .text          0x020074b4       0x38 c:/devkitpro/devkitarm/bin/../lib/gcc/arm-none-eabi/7.1.0/thumb\libgcc.a(_arm_unorddf2.o)
                0x020074b4                __unorddf2
                0x020074b4                __aeabi_dcmpun
 .text          0x020074ec       0x5c c:/devkitpro/devkitarm/bin/../lib/gcc/arm-none-eabi/7.1.0/thumb\libgcc.a(_arm_fixdfsi.o)
                0x020074ec                __aeabi_d2iz
                0x020074ec                __fixdfsi
 .text          0x02007548       0x3c c:/devkitpro/devkitarm/bin/../lib/gcc/arm-none-eabi/7.1.0/thumb\libgcc.a(_aeabi_uldivmod.o)
                0x02007548                __aeabi_uldivmod
 *(EXCLUDE_FILE(*.twl* *.vectors* *.itcm*) .stub)
 *(EXCLUDE_FILE(*.twl* *.vectors* *.itcm*) .text.*)
 .text.deregister_tm_clones
                0x02007584       0x2c c:/devkitpro/devkitarm/bin/../lib/gcc/arm-none-eabi/7.1.0/thumb/crtbegin.o
 .text.register_tm_clones
                0x020075b0       0x34 c:/devkitpro/devkitarm/bin/../lib/gcc/arm-none-eabi/7.1.0/thumb/crtbegin.o
 .text.__do_global_dtors_aux
                0x020075e4       0x30 c:/devkitpro/devkitarm/bin/../lib/gcc/arm-none-eabi/7.1.0/thumb/crtbegin.o
 .text.frame_dummy
                0x02007614       0x28 c:/devkitpro/devkitarm/bin/../lib/gcc/arm-none-eabi/7.1.0/thumb/crtbegin.o
 .text.unlikely
                0x0200763c       0x54 main.o
 .text.startup  0x02007690      0x160 main.o
                0x02007690                main
 .text._ZNSt8_Rb_treeINSt7__cxx1112basic_stringIcSt11char_traitsIcESaIcEEESt4pairIKS5_jESt10_Select1stIS8_ESt4lessIS5_ESaIS8_EE8_M_eraseEPSt13_Rb_tree_nodeIS8_E
                0x020077f0       0x2c inifile.o
                0x020077f0                std::_Rb_tree<std::__cxx11::basic_string<char, std::char_traits<char>, std::allocator<char> >, std::pair<std::__cxx11::basic_string<char, std::char_traits<char>, std::allocator<char> > const, unsigned int>, std::_Select1st<std::pair<std::__cxx11::basic_string<char, std::char_traits<char>, std::allocator<char> > const, unsigned int> >, std::less<std::__cxx11::basic_string<char, std::char_traits<char>, std::allocator<char> > >, std::allocator<std::pair<std::__cxx11::basic_string<char, std::char_traits<char>, std::allocator<char> > const, unsigned int> > >::_M_erase(std::_Rb_tree_node<std::pair<std::__cxx11::basic_string<char, std::char_traits<char>, std::allocator<char> > const, unsigned int> >*)
 .text._ZNSt6vectorINSt7__cxx1112basic_stringIcSt11char_traitsIcESaIcEEESaIS5_EE17_M_realloc_insertIJRKS5_EEEvN9__gnu_cxx17__normal_iteratorIPS5_S7_EEDpOT_
                0x0200781c      0x1cc inifile.o
                0x0200781c                void std::vector<std::__cxx11::basic_string<char, std::char_traits<char>, std::allocator<char> >, std::allocator<std::__cxx11::basic_string<char, std::char_traits<char>, std::allocator<char> > > >::_M_realloc_insert<std::__cxx11::basic_string<char, std::char_traits<char>, std::allocator<char> > const&>(__gnu_cxx::__normal_iterator<std::__cxx11::basic_string<char, std::char_traits<char>, std::allocator<char> >*, std::vector<std::__cxx11::basic_string<char, std::char_traits<char>, std::allocator<char> >, std::allocator<std::__cxx11::basic_string<char, std::char_traits<char>, std::allocator<char> > > > >, std::__cxx11::basic_string<char, std::char_traits<char>, std::allocator<char> > const&)
 .text._ZNSt6vectorINSt7__cxx1112basic_stringIcSt11char_traitsIcESaIcEEESaIS5_EE6insertEN9__gnu_cxx17__normal_iteratorIPKS5_S7_EERSA_
                0x020079e8      0x1a0 inifile.o
                0x020079e8                std::vector<std::__cxx11::basic_string<char, std::char_traits<char>, std::allocator<char> >, std::allocator<std::__cxx11::basic_string<char, std::char_traits<char>, std::allocator<char> > > >::insert(__gnu_cxx::__normal_iterator<std::__cxx11::basic_string<char, std::char_traits<char>, std::allocator<char> > const*, std::vector<std::__cxx11::basic_string<char, std::char_traits<char>, std::allocator<char> >, std::allocator<std::__cxx11::basic_string<char, std::char_traits<char>, std::allocator<char> > > > >, std::__cxx11::basic_string<char, std::char_traits<char>, std::allocator<char> > const&)
 .text._ZNSt8_Rb_treeINSt7__cxx1112basic_stringIcSt11char_traitsIcESaIcEEESt4pairIKS5_jESt10_Select1stIS8_ESt4lessIS5_ESaIS8_EE16_M_insert_uniqueIS6_IS5_jEEES6_ISt17_Rb_tree_iteratorIS8_EbEOT_
                0x02007b88      0x170 inifile.o
                0x02007b88                std::pair<std::_Rb_tree_iterator<std::pair<std::__cxx11::basic_string<char, std::char_traits<char>, std::allocator<char> > const, unsigned int> >, bool> std::_Rb_tree<std::__cxx11::basic_string<char, std::char_traits<char>, std::allocator<char> >, std::pair<std::__cxx11::basic_string<char, std::char_traits<char>, std::allocator<char> > const, unsigned int>, std::_Select1st<std::pair<std::__cxx11::basic_string<char, std::char_traits<char>, std::allocator<char> > const, unsigned int> >, std::less<std::__cxx11::basic_string<char, std::char_traits<char>, std::allocator<char> > >, std::allocator<std::pair<std::__cxx11::basic_string<char, std::char_traits<char>, std::allocator<char> > const, unsigned int> > >::_M_insert_unique<std::pair<std::__cxx11::basic_string<char, std::char_traits<char>, std::allocator<char> >, unsigned int> >(std::pair<std::__cxx11::basic_string<char, std::char_traits<char>, std::allocator<char> >, unsigned int>&&)
 .text.fatMount
                0x02007cf8       0xbc C:/devkitPro/libnds/lib\libfat.a(libfat.o)
                0x02007cf8                fatMount
 .text.fatInit  0x02007db4      0x140 C:/devkitPro/libnds/lib\libfat.a(libfat.o)
                0x02007db4                fatInit
 .text.fatInitDefault
                0x02007ef4        0xc C:/devkitPro/libnds/lib\libfat.a(libfat.o)
                0x02007ef4                fatInitDefault
 .text.isValidMBR
                0x02007f00       0x5c C:/devkitPro/libnds/lib\libfat.a(partition.o)
 .text._FAT_updateFS_INFO
                0x02007f5c       0x54 C:/devkitPro/libnds/lib\libfat.a(partition.o)
 .text._FAT_partition_createFSinfo.part.4
                0x02007fb0       0x40 C:/devkitPro/libnds/lib\libfat.a(partition.o)
 .text._FAT_partition_readFSinfo.part.5
                0x02007ff0       0x90 C:/devkitPro/libnds/lib\libfat.a(partition.o)
 .text.FindFirstValidPartition_buf
                0x02008080      0x124 C:/devkitPro/libnds/lib\libfat.a(partition.o)
                0x02008080                FindFirstValidPartition_buf
 .text._FAT_partition_constructor_buf
                0x020081a4      0x2cc C:/devkitPro/libnds/lib\libfat.a(partition.o)
                0x020081a4                _FAT_partition_constructor_buf
 .text._FAT_partition_constructor
                0x02008470       0x40 C:/devkitPro/libnds/lib\libfat.a(partition.o)
                0x02008470                _FAT_partition_constructor
 .text._FAT_partition_getPartitionFromPath
                0x020084b0       0x14 C:/devkitPro/libnds/lib\libfat.a(partition.o)
                0x020084b0                _FAT_partition_getPartitionFromPath
 .text._FAT_partition_readFSinfo
                0x020084c4       0x10 C:/devkitPro/libnds/lib\libfat.a(partition.o)
                0x020084c4                _FAT_partition_readFSinfo
 .text._FAT_lock_init
                0x020084d4        0x4 C:/devkitPro/libnds/lib\libfat.a(lock.o)
                0x020084d4                _FAT_lock_init
 .text._FAT_lock
                0x020084d8        0x4 C:/devkitPro/libnds/lib\libfat.a(lock.o)
                0x020084d8                _FAT_lock
 .text._FAT_unlock
                0x020084dc        0x4 C:/devkitPro/libnds/lib\libfat.a(lock.o)
                0x020084dc                _FAT_unlock
 .text._FAT_stat_r
                0x020084e0       0x90 C:/devkitPro/libnds/lib\libfat.a(fatdir.o)
                0x020084e0                _FAT_stat_r
 .text._FAT_link_r
                0x02008570        0xc C:/devkitPro/libnds/lib\libfat.a(fatdir.o)
                0x02008570                _FAT_link_r
 .text._FAT_unlink_r
                0x0200857c      0x19c C:/devkitPro/libnds/lib\libfat.a(fatdir.o)
                0x0200857c                _FAT_unlink_r
 .text._FAT_chdir_r
                0x02008718       0x70 C:/devkitPro/libnds/lib\libfat.a(fatdir.o)
                0x02008718                _FAT_chdir_r
 .text._FAT_rename_r
                0x02008788      0x1c4 C:/devkitPro/libnds/lib\libfat.a(fatdir.o)
                0x02008788                _FAT_rename_r
 .text._FAT_mkdir_r
                0x0200894c      0x258 C:/devkitPro/libnds/lib\libfat.a(fatdir.o)
                0x0200894c                _FAT_mkdir_r
 .text._FAT_statvfs_r
                0x02008ba4       0x78 C:/devkitPro/libnds/lib\libfat.a(fatdir.o)
                0x02008ba4                _FAT_statvfs_r
 .text._FAT_diropen_r
                0x02008c1c       0xb0 C:/devkitPro/libnds/lib\libfat.a(fatdir.o)
                0x02008c1c                _FAT_diropen_r
 .text._FAT_dirreset_r
                0x02008ccc       0x4c C:/devkitPro/libnds/lib\libfat.a(fatdir.o)
                0x02008ccc                _FAT_dirreset_r
 .text._FAT_dirnext_r
                0x02008d18       0x7c C:/devkitPro/libnds/lib\libfat.a(fatdir.o)
                0x02008d18                _FAT_dirnext_r
 .text._FAT_dirclose_r
                0x02008d94       0x20 C:/devkitPro/libnds/lib\libfat.a(fatdir.o)
                0x02008d94                _FAT_dirclose_r
 .text._FAT_cache_getPage
                0x02008db4       0xfc C:/devkitPro/libnds/lib\libfat.a(cache.o)
 .text._FAT_cache_writePartialSector.part.3
                0x02008eb0       0x44 C:/devkitPro/libnds/lib\libfat.a(cache.o)
 .text._FAT_cache_constructor
                0x02008ef4       0x98 C:/devkitPro/libnds/lib\libfat.a(cache.o)
                0x02008ef4                _FAT_cache_constructor
 .text._FAT_cache_readSectors
                0x02008f8c       0x64 C:/devkitPro/libnds/lib\libfat.a(cache.o)
                0x02008f8c                _FAT_cache_readSectors
 .text._FAT_cache_readPartialSector
                0x02008ff0       0x40 C:/devkitPro/libnds/lib\libfat.a(cache.o)
                0x02008ff0                _FAT_cache_readPartialSector
 .text._FAT_cache_readLittleEndianValue
                0x02009030       0x70 C:/devkitPro/libnds/lib\libfat.a(cache.o)
                0x02009030                _FAT_cache_readLittleEndianValue
 .text._FAT_cache_writePartialSector
                0x020090a0       0x20 C:/devkitPro/libnds/lib\libfat.a(cache.o)
                0x020090a0                _FAT_cache_writePartialSector
 .text._FAT_cache_writeLittleEndianValue
                0x020090c0       0x58 C:/devkitPro/libnds/lib\libfat.a(cache.o)
                0x020090c0                _FAT_cache_writeLittleEndianValue
 .text._FAT_cache_eraseWritePartialSector
                0x02009118       0x68 C:/devkitPro/libnds/lib\libfat.a(cache.o)
                0x02009118                _FAT_cache_eraseWritePartialSector
 .text._FAT_cache_writeSectors
                0x02009180       0x74 C:/devkitPro/libnds/lib\libfat.a(cache.o)
                0x02009180                _FAT_cache_writeSectors
 .text._FAT_cache_flush
                0x020091f4       0x3c C:/devkitPro/libnds/lib\libfat.a(cache.o)
                0x020091f4                _FAT_cache_flush
 .text._FAT_check_position_for_next_cluster.isra.4.part.5
                0x02009230       0x6c C:/devkitPro/libnds/lib\libfat.a(fatfile.o)
 .text._FAT_syncToDisc.part.6
                0x0200929c       0xd4 C:/devkitPro/libnds/lib\libfat.a(fatfile.o)
 .text._FAT_file_extend_r
                0x02009370      0x21c C:/devkitPro/libnds/lib\libfat.a(fatfile.o)
 .text._FAT_open_r
                0x0200958c      0x2f0 C:/devkitPro/libnds/lib\libfat.a(fatfile.o)
                0x0200958c                _FAT_open_r
 .text._FAT_close_r
                0x0200987c       0x74 C:/devkitPro/libnds/lib\libfat.a(fatfile.o)
                0x0200987c                _FAT_close_r
 .text._FAT_read_r
                0x020098f0      0x358 C:/devkitPro/libnds/lib\libfat.a(fatfile.o)
                0x020098f0                _FAT_read_r
 .text._FAT_write_r
                0x02009c48      0x534 C:/devkitPro/libnds/lib\libfat.a(fatfile.o)
                0x02009c48                _FAT_write_r
 .text._FAT_seek_r
                0x0200a17c      0x19c C:/devkitPro/libnds/lib\libfat.a(fatfile.o)
                0x0200a17c                _FAT_seek_r
 .text._FAT_fstat_r
                0x0200a318       0x8c C:/devkitPro/libnds/lib\libfat.a(fatfile.o)
                0x0200a318                _FAT_fstat_r
 .text._FAT_ftruncate_r
                0x0200a3a4      0x170 C:/devkitPro/libnds/lib\libfat.a(fatfile.o)
                0x0200a3a4                _FAT_ftruncate_r
 .text._FAT_fsync_r
                0x0200a514       0x44 C:/devkitPro/libnds/lib\libfat.a(fatfile.o)
                0x0200a514                _FAT_fsync_r
 .text._FAT_fat_writeFatEntry.part.0
                0x0200a558      0x134 C:/devkitPro/libnds/lib\libfat.a(file_allocation_table.o)
 .text._FAT_fat_nextCluster
                0x0200a68c      0x104 C:/devkitPro/libnds/lib\libfat.a(file_allocation_table.o)
                0x0200a68c                _FAT_fat_nextCluster
 .text._FAT_fat_clearLinks.part.1
                0x0200a790       0x64 C:/devkitPro/libnds/lib\libfat.a(file_allocation_table.o)
 .text._FAT_fat_linkFreeCluster
                0x0200a7f4       0xac C:/devkitPro/libnds/lib\libfat.a(file_allocation_table.o)
                0x0200a7f4                _FAT_fat_linkFreeCluster
 .text._FAT_fat_linkFreeClusterCleared
                0x0200a8a0       0x68 C:/devkitPro/libnds/lib\libfat.a(file_allocation_table.o)
                0x0200a8a0                _FAT_fat_linkFreeClusterCleared
 .text._FAT_fat_clearLinks
                0x0200a908       0x18 C:/devkitPro/libnds/lib\libfat.a(file_allocation_table.o)
                0x0200a908                _FAT_fat_clearLinks
 .text._FAT_fat_trimChain
                0x0200a920       0xa8 C:/devkitPro/libnds/lib\libfat.a(file_allocation_table.o)
                0x0200a920                _FAT_fat_trimChain
 .text._FAT_fat_lastCluster
                0x0200a9c8       0x34 C:/devkitPro/libnds/lib\libfat.a(file_allocation_table.o)
                0x0200a9c8                _FAT_fat_lastCluster
 .text._FAT_fat_freeClusterCount
                0x0200a9fc       0x2c C:/devkitPro/libnds/lib\libfat.a(file_allocation_table.o)
                0x0200a9fc                _FAT_fat_freeClusterCount
 .text._FAT_filetime_getTimeFromRTC
                0x0200aa28       0x40 C:/devkitPro/libnds/lib\libfat.a(filetime.o)
                0x0200aa28                _FAT_filetime_getTimeFromRTC
 .text._FAT_filetime_getDateFromRTC
                0x0200aa68       0x40 C:/devkitPro/libnds/lib\libfat.a(filetime.o)
                0x0200aa68                _FAT_filetime_getDateFromRTC
 .text._FAT_filetime_to_time_t
                0x0200aaa8       0x38 C:/devkitPro/libnds/lib\libfat.a(filetime.o)
                0x0200aaa8                _FAT_filetime_to_time_t
 .text._FAT_directory_incrementDirEntryPosition
                0x0200aae0       0x80 C:/devkitPro/libnds/lib\libfat.a(directory.o)
 .text._FAT_directory_entryGetAlias
                0x0200ab60      0x100 C:/devkitPro/libnds/lib\libfat.a(directory.o)
 .text._FAT_directory_mbsncasecmp
                0x0200ac60       0xa8 C:/devkitPro/libnds/lib\libfat.a(directory.o)
 .text._FAT_directory_entryGetCluster.part.5
                0x0200ad08       0x18 C:/devkitPro/libnds/lib\libfat.a(directory.o)
 .text._FAT_directory_ucs2tombs.constprop.6
                0x0200ad20       0x88 C:/devkitPro/libnds/lib\libfat.a(directory.o)
 .text._FAT_directory_entryGetCluster
                0x0200ada8       0x1c C:/devkitPro/libnds/lib\libfat.a(directory.o)
                0x0200ada8                _FAT_directory_entryGetCluster
 .text._FAT_directory_getNextEntry
                0x0200adc4      0x204 C:/devkitPro/libnds/lib\libfat.a(directory.o)
                0x0200adc4                _FAT_directory_getNextEntry
 .text._FAT_directory_entryExists
                0x0200afc8       0x80 C:/devkitPro/libnds/lib\libfat.a(directory.o)
 .text._FAT_directory_getFirstEntry
                0x0200b048       0x20 C:/devkitPro/libnds/lib\libfat.a(directory.o)
                0x0200b048                _FAT_directory_getFirstEntry
 .text._FAT_directory_getRootEntry
                0x0200b068       0x60 C:/devkitPro/libnds/lib\libfat.a(directory.o)
                0x0200b068                _FAT_directory_getRootEntry
 .text._FAT_directory_entryFromPosition
                0x0200b0c8      0x15c C:/devkitPro/libnds/lib\libfat.a(directory.o)
                0x0200b0c8                _FAT_directory_entryFromPosition
 .text._FAT_directory_entryFromPath
                0x0200b224      0x210 C:/devkitPro/libnds/lib\libfat.a(directory.o)
                0x0200b224                _FAT_directory_entryFromPath
 .text._FAT_directory_removeEntry
                0x0200b434       0xe0 C:/devkitPro/libnds/lib\libfat.a(directory.o)
                0x0200b434                _FAT_directory_removeEntry
 .text._FAT_directory_addEntry
                0x0200b514      0x854 C:/devkitPro/libnds/lib\libfat.a(directory.o)
                0x0200b514                _FAT_directory_addEntry
 .text._FAT_directory_chdir
                0x0200bd68       0x44 C:/devkitPro/libnds/lib\libfat.a(directory.o)
                0x0200bd68                _FAT_directory_chdir
 .text._FAT_directory_entryStat
                0x0200bdac       0xe0 C:/devkitPro/libnds/lib\libfat.a(directory.o)
                0x0200bdac                _FAT_directory_entryStat
 .text.getHeader
                0x0200be8c        0x4 C:/devkitPro/libnds/lib\libnds9.a(decompress.o)
 .text.readByte
                0x0200be90        0x4 C:/devkitPro/libnds/lib\libnds9.a(decompress.o)
 .text.decompress
                0x0200be94       0x40 C:/devkitPro/libnds/lib\libnds9.a(decompress.o)
                0x0200be94                decompress
 .text.ARMShift.part.0
                0x0200bed4       0x64 C:/devkitPro/libnds/lib\libnds9.a(gurumeditation.o)
 .text.getExceptionAddress
                0x0200bf38      0x1ac C:/devkitPro/libnds/lib\libnds9.a(gurumeditation.o)
                0x0200bf38                getExceptionAddress
 .text.guruMeditationDump
                0x0200c0e4      0x134 C:/devkitPro/libnds/lib\libnds9.a(gurumeditation.o)
                0x0200c0e4                guruMeditationDump
 .text.defaultHandler
                0x0200c218        0x8 C:/devkitPro/libnds/lib\libnds9.a(gurumeditation.o)
 .text.defaultExceptionHandler
                0x0200c220       0x10 C:/devkitPro/libnds/lib\libnds9.a(gurumeditation.o)
                0x0200c220                defaultExceptionHandler
 .text.newRow   0x0200c230       0xbc C:/devkitPro/libnds/lib\libnds9.a(console.o)
 .text.consolePrintChar
                0x0200c2ec       0xec C:/devkitPro/libnds/lib\libnds9.a(console.o)
                0x0200c2ec                consolePrintChar
 .text.consoleCls
                0x0200c3d8       0xec C:/devkitPro/libnds/lib\libnds9.a(console.o)
 .text.consoleLoadFont
                0x0200c4c4      0x270 C:/devkitPro/libnds/lib\libnds9.a(console.o)
                0x0200c4c4                consoleLoadFont
 .text.consoleInit
                0x0200c734      0x15c C:/devkitPro/libnds/lib\libnds9.a(console.o)
                0x0200c734                consoleInit
 .text.consoleDemoInit
                0x0200c890       0x40 C:/devkitPro/libnds/lib\libnds9.a(console.o)
                0x0200c890                consoleDemoInit
 .text.con_write
                0x0200c8d0      0x288 C:/devkitPro/libnds/lib\libnds9.a(console.o)
                0x0200c8d0                con_write
 .text.setExceptionHandler
                0x0200cb58       0x18 C:/devkitPro/libnds/lib\libnds9.a(exceptions.o)
                0x0200cb58                setExceptionHandler
 .text.systemValueHandler
                0x0200cb70       0x48 C:/devkitPro/libnds/lib\libnds9.a(system.o)
                0x0200cb70                systemValueHandler
 .text.systemMsgHandler
                0x0200cbb8       0x5c C:/devkitPro/libnds/lib\libnds9.a(system.o)
                0x0200cbb8                systemMsgHandler
 .text.powerOn  0x0200cc14       0x2c C:/devkitPro/libnds/lib\libnds9.a(system.o)
                0x0200cc14                powerOn
 .text.enableSlot1
                0x0200cc40       0x1c C:/devkitPro/libnds/lib\libnds9.a(system.o)
                0x0200cc40                enableSlot1
 .text.disableSlot1
                0x0200cc5c       0x1c C:/devkitPro/libnds/lib\libnds9.a(system.o)
                0x0200cc5c                disableSlot1
 .text.checkIfText.part.0
                0x0200cc78       0x3c C:/devkitPro/libnds/lib\libnds9.a(background.o)
 .text.bgUpdate
                0x0200ccb4       0xec C:/devkitPro/libnds/lib\libnds9.a(background.o)
                0x0200ccb4                bgUpdate
 .text.bgInit_call
                0x0200cda0       0xbc C:/devkitPro/libnds/lib\libnds9.a(background.o)
                0x0200cda0                bgInit_call
 .text.bgInitSub_call
                0x0200ce5c       0xc4 C:/devkitPro/libnds/lib\libnds9.a(background.o)
                0x0200ce5c                bgInitSub_call
 .text.dldiGetInternal
                0x0200cf20       0x34 C:/devkitPro/libnds/lib\libnds9.a(dldi.o)
                0x0200cf20                dldiGetInternal
 .text.get_io_dsisd
                0x0200cf54       0x24 C:/devkitPro/libnds/lib\libnds9.a(dldi.o)
                0x0200cf54                get_io_dsisd
 .text.initSystem
                0x0200cf78      0x194 C:/devkitPro/libnds/lib\libnds9.a(initSystem.o)
                0x0200cf78                initSystem
 .text.fifo_allocBlock.part.0
                0x0200d10c       0x34 C:/devkitPro/libnds/lib\libnds9.a(fifosystem.o)
 .text.fifo_waitBlock
                0x0200d140       0x48 C:/devkitPro/libnds/lib\libnds9.a(fifosystem.o)
 .text.fifo_queueBlock
                0x0200d188       0x44 C:/devkitPro/libnds/lib\libnds9.a(fifosystem.o)
 .text.fifoInternalSendInterrupt
                0x0200d1cc       0xac C:/devkitPro/libnds/lib\libnds9.a(fifosystem.o)
 .text.fifoInternalSend.part.3
                0x0200d278       0xd4 C:/devkitPro/libnds/lib\libnds9.a(fifosystem.o)
 .text.fifoGetValue32.part.4
                0x0200d34c       0x74 C:/devkitPro/libnds/lib\libnds9.a(fifosystem.o)
 .text.fifoSetValue32Handler
                0x0200d3c0       0x74 C:/devkitPro/libnds/lib\libnds9.a(fifosystem.o)
                0x0200d3c0                fifoSetValue32Handler
 .text.fifoSendValue32
                0x0200d434       0x4c C:/devkitPro/libnds/lib\libnds9.a(fifosystem.o)
                0x0200d434                fifoSendValue32
 .text.fifoSendDatamsg
                0x0200d480       0x90 C:/devkitPro/libnds/lib\libnds9.a(fifosystem.o)
                0x0200d480                fifoSendDatamsg
 .text.fifoGetValue32
                0x0200d510       0x14 C:/devkitPro/libnds/lib\libnds9.a(fifosystem.o)
                0x0200d510                fifoGetValue32
 .text.fifoGetDatamsg
                0x0200d524      0x140 C:/devkitPro/libnds/lib\libnds9.a(fifosystem.o)
                0x0200d524                fifoGetDatamsg
 .text.fifoInternalRecvInterrupt
                0x0200d664      0x3a0 C:/devkitPro/libnds/lib\libnds9.a(fifosystem.o)
 .text.fifoSetDatamsgHandler
                0x0200da04       0x9c C:/devkitPro/libnds/lib\libnds9.a(fifosystem.o)
                0x0200da04                fifoSetDatamsgHandler
 .text.fifoCheckValue32
                0x0200daa0       0x24 C:/devkitPro/libnds/lib\libnds9.a(fifosystem.o)
                0x0200daa0                fifoCheckValue32
 .text.fifoInit
                0x0200dac4      0x104 C:/devkitPro/libnds/lib\libnds9.a(fifosystem.o)
                0x0200dac4                fifoInit
 .text.swiDecompressLZSSVram
                0x0200dbc8       0x1c C:/devkitPro/libnds/lib\libnds9.a(syscalls.o)
                0x0200dbc8                swiDecompressLZSSVram
 .text.systemErrorExit
                0x0200dbe4        0x4 C:/devkitPro/libnds/lib\libnds9.a(libnds_exit.arm.o)
                0x0200dbe4                systemErrorExit
 .text.__libnds_exit
                0x0200dbe8       0x5c C:/devkitPro/libnds/lib\libnds9.a(libnds_exit.arm.o)
                0x0200dbe8                __libnds_exit
 .text.irqDummy
                0x0200dc44        0x4 C:/devkitPro/libnds/lib\libnds9.a(interrupts.o)
                0x0200dc44                irqDummy
 .text.irqSet   0x0200dc48       0x6c C:/devkitPro/libnds/lib\libnds9.a(interrupts.o)
                0x0200dc48                irqSet
 .text.irqInit  0x0200dcb4       0x50 C:/devkitPro/libnds/lib\libnds9.a(interrupts.o)
                0x0200dcb4                irqInit
 .text.irqEnable
                0x0200dd04       0x64 C:/devkitPro/libnds/lib\libnds9.a(interrupts.o)
                0x0200dd04                irqEnable
 .text.irqDisable
                0x0200dd68       0x64 C:/devkitPro/libnds/lib\libnds9.a(interrupts.o)
                0x0200dd68                irqDisable
 .text.resetARM7
                0x0200ddcc       0x38 C:/devkitPro/libnds/lib\libnds9.a(reset.o)
                0x0200ddcc                resetARM7
 .text.DC_FlushRange
                0x0200de04       0x24 C:/devkitPro/libnds/lib\libnds9.a(dcache.o)
                0x0200de04                DC_FlushRange
 .text.getCPSR  0x0200de28        0x8 C:/devkitPro/libnds/lib\libnds9.a(exceptionHandler.o)
                0x0200de28                getCPSR
 .text.enterException
                0x0200de30       0xd4 C:/devkitPro/libnds/lib\libnds9.a(exceptionHandler.o)
                0x0200de30                enterException
                0x0200dea4                exceptionC
                0x0200dea8                exceptionStack
                0x0200deac                exceptionRegisters
 .text.setCpuClock
                0x0200df04       0x50 C:/devkitPro/libnds/lib\libnds9.a(cpu_clock.o)
                0x0200df04                setCpuClock
 .text.swiWaitForVBlank
                0x0200df54        0x8 C:/devkitPro/libnds/lib\libnds9.a(IntrWait.o)
                0x0200df54                swiWaitForVBlank
 .text.swiIntrWait
                0x0200df5c       0x70 C:/devkitPro/libnds/lib\libnds9.a(IntrWait.o)
                0x0200df5c                swiIntrWait
 .text.__libnds_mpu_setup
                0x0200dfcc      0x174 C:/devkitPro/libnds/lib\libnds9.a(mpu_setup.o)
                0x0200dfcc                __libnds_mpu_setup
 .text.memUncached
                0x0200e140       0x20 C:/devkitPro/libnds/lib\libnds9.a(mpu_setup.o)
                0x0200e140                memUncached
 .text.swiSoftReset
                0x0200e160       0x2c C:/devkitPro/libnds/lib\libnds9.a(swiSoftReset.o)
                0x0200e160                swiSoftReset
 .text.swiDelay
                0x0200e18c        0x4 C:/devkitPro/libnds/lib\libnds9.a(biosCalls.o)
                0x0200e18c                swiDelay
 .text.swiDecompressLZSSWram
                0x0200e190        0x4 C:/devkitPro/libnds/lib\libnds9.a(biosCalls.o)
                0x0200e190                swiDecompressLZSSWram
 .text.swiDecompressLZSSVramNTR
                0x0200e194        0x4 C:/devkitPro/libnds/lib\libnds9.a(biosCalls.o)
                0x0200e194                swiDecompressLZSSVramNTR
 .text.swiDecompressLZSSVramTWL
                0x0200e198        0x4 C:/devkitPro/libnds/lib\libnds9.a(biosCalls.o)
                0x0200e198                swiDecompressLZSSVramTWL
 .text.swiDecompressHuffman
                0x0200e19c        0x4 C:/devkitPro/libnds/lib\libnds9.a(biosCalls.o)
                0x0200e19c                swiDecompressHuffman
 .text.swiDecompressRLEWram
                0x0200e1a0        0x4 C:/devkitPro/libnds/lib\libnds9.a(biosCalls.o)
                0x0200e1a0                swiDecompressRLEWram
 .text.swiDecompressRLEVram
                0x0200e1a4        0x4 C:/devkitPro/libnds/lib\libnds9.a(biosCalls.o)
                0x0200e1a4                swiDecompressRLEVram
 .text.sinLerp  0x0200e1a8       0xa0 C:/devkitPro/libnds/lib\libnds9.a(trig.o)
                0x0200e1a8                sinLerp
 .text.cosLerp  0x0200e248       0x14 C:/devkitPro/libnds/lib\libnds9.a(trig.o)
                0x0200e248                cosLerp
 .text.vramDefault
                0x0200e25c       0xd0 C:/devkitPro/libnds/lib\libnds9.a(video.o)
                0x0200e25c                vramDefault
 .text.__libnds_gtod
                0x0200e32c       0x24 C:/devkitPro/libnds/lib\libnds9.a(timeSupport.o)
                0x0200e32c                __libnds_gtod
 .text._ZdlPvj  0x0200e350        0xc c:/devkitpro/devkitarm/bin/../lib/gcc/arm-none-eabi/7.1.0/../../../../arm-none-eabi/lib/thumb\libstdc++.a(del_ops.o)
                0x0200e350                operator delete(void*, unsigned int)
 .text._ZdlPv   0x0200e35c        0xc c:/devkitpro/devkitarm/bin/../lib/gcc/arm-none-eabi/7.1.0/../../../../arm-none-eabi/lib/thumb\libstdc++.a(del_op.o)
                0x0200e35c                operator delete(void*)
 .text._Znwj    0x0200e368       0x48 c:/devkitpro/devkitarm/bin/../lib/gcc/arm-none-eabi/7.1.0/../../../../arm-none-eabi/lib/thumb\libstdc++.a(new_op.o)
                0x0200e368                operator new(unsigned int)
 .text._ZN12_GLOBAL__N_14pool4freeEPv.constprop.4
                0x0200e3b0       0x74 c:/devkitpro/devkitarm/bin/../lib/gcc/arm-none-eabi/7.1.0/../../../../arm-none-eabi/lib/thumb\libstdc++.a(eh_alloc.o)
 .text._ZN12_GLOBAL__N_14pool8allocateEj.constprop.5
                0x0200e424       0x64 c:/devkitpro/devkitarm/bin/../lib/gcc/arm-none-eabi/7.1.0/../../../../arm-none-eabi/lib/thumb\libstdc++.a(eh_alloc.o)
 .text.__cxa_allocate_exception
                0x0200e488       0x30 c:/devkitpro/devkitarm/bin/../lib/gcc/arm-none-eabi/7.1.0/../../../../arm-none-eabi/lib/thumb\libstdc++.a(eh_alloc.o)
                0x0200e488                __cxa_allocate_exception
 .text.__cxa_free_exception
                0x0200e4b8       0x28 c:/devkitpro/devkitarm/bin/../lib/gcc/arm-none-eabi/7.1.0/../../../../arm-none-eabi/lib/thumb\libstdc++.a(eh_alloc.o)
                0x0200e4b8                __cxa_free_exception
 .text.startup._GLOBAL__sub_I__ZN9__gnu_cxx9__freeresEv
                0x0200e4e0       0x30 c:/devkitpro/devkitarm/bin/../lib/gcc/arm-none-eabi/7.1.0/../../../../arm-none-eabi/lib/thumb\libstdc++.a(eh_alloc.o)
 .text._ZStL23local_Rb_tree_decrementPSt18_Rb_tree_node_base
                0x0200e510       0x40 c:/devkitpro/devkitarm/bin/../lib/gcc/arm-none-eabi/7.1.0/../../../../arm-none-eabi/lib/thumb\libstdc++.a(tree.o)
 .text._ZSt18_Rb_tree_decrementPSt18_Rb_tree_node_base
                0x0200e550        0xc c:/devkitpro/devkitarm/bin/../lib/gcc/arm-none-eabi/7.1.0/../../../../arm-none-eabi/lib/thumb\libstdc++.a(tree.o)
                0x0200e550                std::_Rb_tree_decrement(std::_Rb_tree_node_base*)
 .text._ZSt29_Rb_tree_insert_and_rebalancebPSt18_Rb_tree_node_baseS0_RS_
                0x0200e55c      0x190 c:/devkitpro/devkitarm/bin/../lib/gcc/arm-none-eabi/7.1.0/../../../../arm-none-eabi/lib/thumb\libstdc++.a(tree.o)
                0x0200e55c                std::_Rb_tree_insert_and_rebalance(bool, std::_Rb_tree_node_base*, std::_Rb_tree_node_base*, std::_Rb_tree_node_base&)
 .text._ZSt19__throw_logic_errorPKc
                0x0200e6ec       0x30 c:/devkitpro/devkitarm/bin/../lib/gcc/arm-none-eabi/7.1.0/../../../../arm-none-eabi/lib/thumb\libstdc++.a(functexcept.o)
                0x0200e6ec                std::__throw_logic_error(char const*)
 .text._ZSt20__throw_length_errorPKc
                0x0200e71c       0x30 c:/devkitpro/devkitarm/bin/../lib/gcc/arm-none-eabi/7.1.0/../../../../arm-none-eabi/lib/thumb\libstdc++.a(functexcept.o)
                0x0200e71c                std::__throw_length_error(char const*)
 .text._ZSt24__throw_out_of_range_fmtPKcz
                0x0200e74c       0x68 c:/devkitpro/devkitarm/bin/../lib/gcc/arm-none-eabi/7.1.0/../../../../arm-none-eabi/lib/thumb\libstdc++.a(functexcept.o)
                0x0200e74c                std::__throw_out_of_range_fmt(char const*, ...)
 .text._ZNSt11logic_errorC2EPKc
                0x0200e7b4       0x28 c:/devkitpro/devkitarm/bin/../lib/gcc/arm-none-eabi/7.1.0/../../../../arm-none-eabi/lib/thumb\libstdc++.a(cow-stdexcept.o)
                0x0200e7b4                std::logic_error::logic_error(char const*)
                0x0200e7b4                std::logic_error::logic_error(char const*)
 .text._ZNSt12length_errorC2EPKc
                0x0200e7dc       0x18 c:/devkitpro/devkitarm/bin/../lib/gcc/arm-none-eabi/7.1.0/../../../../arm-none-eabi/lib/thumb\libstdc++.a(cow-stdexcept.o)
                0x0200e7dc                std::length_error::length_error(char const*)
                0x0200e7dc                std::length_error::length_error(char const*)
 .text._ZNSt12out_of_rangeC2EPKc
                0x0200e7f4       0x18 c:/devkitpro/devkitarm/bin/../lib/gcc/arm-none-eabi/7.1.0/../../../../arm-none-eabi/lib/thumb\libstdc++.a(cow-stdexcept.o)
                0x0200e7f4                std::out_of_range::out_of_range(char const*)
                0x0200e7f4                std::out_of_range::out_of_range(char const*)
 .text._ZNSs4_Rep9_S_createEjjRKSaIcE
                0x0200e80c       0x60 c:/devkitpro/devkitarm/bin/../lib/gcc/arm-none-eabi/7.1.0/../../../../arm-none-eabi/lib/thumb\libstdc++.a(cow-string-inst.o)
                0x0200e80c                std::string::_Rep::_S_create(unsigned int, unsigned int, std::allocator<char> const&)
 .text._ZNSs4_Rep10_M_destroyERKSaIcE
                0x0200e86c        0xc c:/devkitpro/devkitarm/bin/../lib/gcc/arm-none-eabi/7.1.0/../../../../arm-none-eabi/lib/thumb\libstdc++.a(cow-string-inst.o)
                0x0200e86c                std::string::_Rep::_M_destroy(std::allocator<char> const&)
 .text._ZNSs12_S_constructIPKcEEPcT_S3_RKSaIcESt20forward_iterator_tag
                0x0200e878       0x68 c:/devkitpro/devkitarm/bin/../lib/gcc/arm-none-eabi/7.1.0/../../../../arm-none-eabi/lib/thumb\libstdc++.a(cow-string-inst.o)
                0x0200e878                char* std::string::_S_construct<char const*>(char const*, char const*, std::allocator<char> const&, std::forward_iterator_tag)
 .text._ZNSsC2EPKcRKSaIcE
                0x0200e8e0       0x30 c:/devkitpro/devkitarm/bin/../lib/gcc/arm-none-eabi/7.1.0/../../../../arm-none-eabi/lib/thumb\libstdc++.a(cow-string-inst.o)
                0x0200e8e0                std::basic_string<char, std::char_traits<char>, std::allocator<char> >::basic_string(char const*, std::allocator<char> const&)
                0x0200e8e0                std::basic_string<char, std::char_traits<char>, std::allocator<char> >::basic_string(char const*, std::allocator<char> const&)
 .text._ZNSt7__cxx1112basic_stringIcSt11char_traitsIcESaIcEE9_M_createERjj
                0x0200e910       0x40 c:/devkitpro/devkitarm/bin/../lib/gcc/arm-none-eabi/7.1.0/../../../../arm-none-eabi/lib/thumb\libstdc++.a(string-inst.o)
                0x0200e910                std::__cxx11::basic_string<char, std::char_traits<char>, std::allocator<char> >::_M_create(unsigned int&, unsigned int)
 .text._ZNSt7__cxx1112basic_stringIcSt11char_traitsIcESaIcEE9_M_assignERKS4_
                0x0200e950       0x7c c:/devkitpro/devkitarm/bin/../lib/gcc/arm-none-eabi/7.1.0/../../../../arm-none-eabi/lib/thumb\libstdc++.a(string-inst.o)
                0x0200e950                std::__cxx11::basic_string<char, std::char_traits<char>, std::allocator<char> >::_M_assign(std::__cxx11::basic_string<char, std::char_traits<char>, std::allocator<char> > const&)
 .text._ZNSt7__cxx1112basic_stringIcSt11char_traitsIcESaIcEE9_M_mutateEjjPKcj
                0x0200e9cc       0xc0 c:/devkitpro/devkitarm/bin/../lib/gcc/arm-none-eabi/7.1.0/../../../../arm-none-eabi/lib/thumb\libstdc++.a(string-inst.o)
                0x0200e9cc                std::__cxx11::basic_string<char, std::char_traits<char>, std::allocator<char> >::_M_mutate(unsigned int, unsigned int, char const*, unsigned int)
 .text._ZNSt7__cxx1112basic_stringIcSt11char_traitsIcESaIcEE7reserveEj
                0x0200ea8c       0x9c c:/devkitpro/devkitarm/bin/../lib/gcc/arm-none-eabi/7.1.0/../../../../arm-none-eabi/lib/thumb\libstdc++.a(string-inst.o)
                0x0200ea8c                std::__cxx11::basic_string<char, std::char_traits<char>, std::allocator<char> >::reserve(unsigned int)
 .text._ZNSt7__cxx1112basic_stringIcSt11char_traitsIcESaIcEE10_M_replaceEjjPKcj
                0x0200eb28      0x194 c:/devkitpro/devkitarm/bin/../lib/gcc/arm-none-eabi/7.1.0/../../../../arm-none-eabi/lib/thumb\libstdc++.a(string-inst.o)
                0x0200eb28                std::__cxx11::basic_string<char, std::char_traits<char>, std::allocator<char> >::_M_replace(unsigned int, unsigned int, char const*, unsigned int)
 .text._ZNSt7__cxx1112basic_stringIcSt11char_traitsIcESaIcEE9_M_appendEPKcj
                0x0200ecbc       0x58 c:/devkitpro/devkitarm/bin/../lib/gcc/arm-none-eabi/7.1.0/../../../../arm-none-eabi/lib/thumb\libstdc++.a(string-inst.o)
                0x0200ecbc                std::__cxx11::basic_string<char, std::char_traits<char>, std::allocator<char> >::_M_append(char const*, unsigned int)
 .text._ZNKSt7__cxx1112basic_stringIcSt11char_traitsIcESaIcEE4findEcj
                0x0200ed14       0x28 c:/devkitpro/devkitarm/bin/../lib/gcc/arm-none-eabi/7.1.0/../../../../arm-none-eabi/lib/thumb\libstdc++.a(string-inst.o)
                0x0200ed14                std::__cxx11::basic_string<char, std::char_traits<char>, std::allocator<char> >::find(char, unsigned int) const
 .text._ZNKSt7__cxx1112basic_stringIcSt11char_traitsIcESaIcEE17find_first_not_ofEPKcjj
                0x0200ed3c       0x44 c:/devkitpro/devkitarm/bin/../lib/gcc/arm-none-eabi/7.1.0/../../../../arm-none-eabi/lib/thumb\libstdc++.a(string-inst.o)
                0x0200ed3c                std::__cxx11::basic_string<char, std::char_traits<char>, std::allocator<char> >::find_first_not_of(char const*, unsigned int, unsigned int) const
 .text._ZNKSt7__cxx1112basic_stringIcSt11char_traitsIcESaIcEE17find_first_not_ofEcj
                0x0200ed80       0x2c c:/devkitpro/devkitarm/bin/../lib/gcc/arm-none-eabi/7.1.0/../../../../arm-none-eabi/lib/thumb\libstdc++.a(string-inst.o)
                0x0200ed80                std::__cxx11::basic_string<char, std::char_traits<char>, std::allocator<char> >::find_first_not_of(char, unsigned int) const
 .text._ZNKSt7__cxx1112basic_stringIcSt11char_traitsIcESaIcEE16find_last_not_ofEPKcjj
                0x0200edac       0x48 c:/devkitpro/devkitarm/bin/../lib/gcc/arm-none-eabi/7.1.0/../../../../arm-none-eabi/lib/thumb\libstdc++.a(string-inst.o)
                0x0200edac                std::__cxx11::basic_string<char, std::char_traits<char>, std::allocator<char> >::find_last_not_of(char const*, unsigned int, unsigned int) const
 .text._ZNKSt7__cxx1112basic_stringIcSt11char_traitsIcESaIcEE7compareEPKc
                0x0200edf4       0x30 c:/devkitpro/devkitarm/bin/../lib/gcc/arm-none-eabi/7.1.0/../../../../arm-none-eabi/lib/thumb\libstdc++.a(string-inst.o)
                0x0200edf4                std::__cxx11::basic_string<char, std::char_traits<char>, std::allocator<char> >::compare(char const*) const
 .text._ZN9__gnu_cxx26__throw_insufficient_spaceEPKcS1_
                0x0200ee24       0x54 c:/devkitpro/devkitarm/bin/../lib/gcc/arm-none-eabi/7.1.0/../../../../arm-none-eabi/lib/thumb\libstdc++.a(snprintf_lite.o)
                0x0200ee24                __gnu_cxx::__throw_insufficient_space(char const*, char const*)
 .text._ZN9__gnu_cxx15__concat_size_tEPcjj
                0x0200ee78       0x70 c:/devkitpro/devkitarm/bin/../lib/gcc/arm-none-eabi/7.1.0/../../../../arm-none-eabi/lib/thumb\libstdc++.a(snprintf_lite.o)
                0x0200ee78                __gnu_cxx::__concat_size_t(char*, unsigned int, unsigned int)
 .text._ZN9__gnu_cxx15__snprintf_liteEPcjPKcSt9__va_list
                0x0200eee8       0xa0 c:/devkitpro/devkitarm/bin/../lib/gcc/arm-none-eabi/7.1.0/../../../../arm-none-eabi/lib/thumb\libstdc++.a(snprintf_lite.o)
                0x0200eee8                __gnu_cxx::__snprintf_lite(char*, unsigned int, char const*, std::__va_list)
 .text._ZSt15get_new_handlerv
                0x0200ef88        0xc c:/devkitpro/devkitarm/bin/../lib/gcc/arm-none-eabi/7.1.0/../../../../arm-none-eabi/lib/thumb\libstdc++.a(new_handler.o)
                0x0200ef88                std::get_new_handler()
 .text._ZN10__cxxabiv111__terminateEPFvvE
                0x0200ef94       0x2c c:/devkitpro/devkitarm/bin/../lib/gcc/arm-none-eabi/7.1.0/../../../../arm-none-eabi/lib/thumb\libstdc++.a(eh_terminate.o)
                0x0200ef94                __cxxabiv1::__terminate(void (*)())
 .text._ZSt9terminatev
                0x0200efc0       0x10 c:/devkitpro/devkitarm/bin/../lib/gcc/arm-none-eabi/7.1.0/../../../../arm-none-eabi/lib/thumb\libstdc++.a(eh_terminate.o)
                0x0200efc0                std::terminate()
 .text._ZN10__cxxabiv112__unexpectedEPFvvE
                0x0200efd0        0xc c:/devkitpro/devkitarm/bin/../lib/gcc/arm-none-eabi/7.1.0/../../../../arm-none-eabi/lib/thumb\libstdc++.a(eh_terminate.o)
                0x0200efd0                __cxxabiv1::__unexpected(void (*)())
 .text._ZSt10unexpectedv
                0x0200efdc       0x10 c:/devkitpro/devkitarm/bin/../lib/gcc/arm-none-eabi/7.1.0/../../../../arm-none-eabi/lib/thumb\libstdc++.a(eh_terminate.o)
                0x0200efdc                std::unexpected()
 .text._ZSt13get_terminatev
                0x0200efec        0xc c:/devkitpro/devkitarm/bin/../lib/gcc/arm-none-eabi/7.1.0/../../../../arm-none-eabi/lib/thumb\libstdc++.a(eh_terminate.o)
                0x0200efec                std::get_terminate()
 .text._ZSt14get_unexpectedv
                0x0200eff8        0xc c:/devkitpro/devkitarm/bin/../lib/gcc/arm-none-eabi/7.1.0/../../../../arm-none-eabi/lib/thumb\libstdc++.a(eh_terminate.o)
                0x0200eff8                std::get_unexpected()
 .text._ZNKSt9bad_alloc4whatEv
                0x0200f004        0x8 c:/devkitpro/devkitarm/bin/../lib/gcc/arm-none-eabi/7.1.0/../../../../arm-none-eabi/lib/thumb\libstdc++.a(bad_alloc.o)
                0x0200f004                std::bad_alloc::what() const
 .text._ZNSt9bad_allocD2Ev
                0x0200f00c       0x1c c:/devkitpro/devkitarm/bin/../lib/gcc/arm-none-eabi/7.1.0/../../../../arm-none-eabi/lib/thumb\libstdc++.a(bad_alloc.o)
                0x0200f00c                std::bad_alloc::~bad_alloc()
                0x0200f00c                std::bad_alloc::~bad_alloc()
 .text._ZNSt9bad_allocD0Ev
                0x0200f028       0x24 c:/devkitpro/devkitarm/bin/../lib/gcc/arm-none-eabi/7.1.0/../../../../arm-none-eabi/lib/thumb\libstdc++.a(bad_alloc.o)
                0x0200f028                std::bad_alloc::~bad_alloc()
 .text.__cxa_end_cleanup
                0x0200f04c        0xc c:/devkitpro/devkitarm/bin/../lib/gcc/arm-none-eabi/7.1.0/../../../../arm-none-eabi/lib/thumb\libstdc++.a(eh_arm.o)
                0x0200f04c                __cxa_end_cleanup
 .text.__cxa_type_match
                0x0200f058       0xcc c:/devkitpro/devkitarm/bin/../lib/gcc/arm-none-eabi/7.1.0/../../../../arm-none-eabi/lib/thumb\libstdc++.a(eh_arm.o)
                0x0200f058                __cxa_type_match
 .text.__cxa_begin_cleanup
                0x0200f124       0x64 c:/devkitpro/devkitarm/bin/../lib/gcc/arm-none-eabi/7.1.0/../../../../arm-none-eabi/lib/thumb\libstdc++.a(eh_arm.o)
                0x0200f124                __cxa_begin_cleanup
 .text.__gnu_end_cleanup
                0x0200f188       0x74 c:/devkitpro/devkitarm/bin/../lib/gcc/arm-none-eabi/7.1.0/../../../../arm-none-eabi/lib/thumb\libstdc++.a(eh_arm.o)
                0x0200f188                __gnu_end_cleanup
 .text._ZL23__gxx_exception_cleanup19_Unwind_Reason_CodeP21_Unwind_Control_Block
                0x0200f1fc       0x3c c:/devkitpro/devkitarm/bin/../lib/gcc/arm-none-eabi/7.1.0/../../../../arm-none-eabi/lib/thumb\libstdc++.a(eh_throw.o)
 .text.__cxa_init_primary_exception
                0x0200f238       0x50 c:/devkitpro/devkitarm/bin/../lib/gcc/arm-none-eabi/7.1.0/../../../../arm-none-eabi/lib/thumb\libstdc++.a(eh_throw.o)
                0x0200f238                __cxa_init_primary_exception
 .text.__cxa_throw
                0x0200f288       0x34 c:/devkitpro/devkitarm/bin/../lib/gcc/arm-none-eabi/7.1.0/../../../../arm-none-eabi/lib/thumb\libstdc++.a(eh_throw.o)
                0x0200f288                __cxa_throw
 .text.__cxa_rethrow
                0x0200f2bc       0x70 c:/devkitpro/devkitarm/bin/../lib/gcc/arm-none-eabi/7.1.0/../../../../arm-none-eabi/lib/thumb\libstdc++.a(eh_throw.o)
                0x0200f2bc                __cxa_rethrow
 .text._ZNSt9exceptionD2Ev
                0x0200f32c        0x4 c:/devkitpro/devkitarm/bin/../lib/gcc/arm-none-eabi/7.1.0/../../../../arm-none-eabi/lib/thumb\libstdc++.a(eh_exception.o)
                0x0200f32c                std::exception::~exception()
                0x0200f32c                std::exception::~exception()
 .text._ZNSt13bad_exceptionD2Ev
                0x0200f330        0x4 c:/devkitpro/devkitarm/bin/../lib/gcc/arm-none-eabi/7.1.0/../../../../arm-none-eabi/lib/thumb\libstdc++.a(eh_exception.o)
                0x0200f330                std::bad_exception::~bad_exception()
                0x0200f330                std::bad_exception::~bad_exception()
 .text._ZNKSt13bad_exception4whatEv
                0x0200f334        0x8 c:/devkitpro/devkitarm/bin/../lib/gcc/arm-none-eabi/7.1.0/../../../../arm-none-eabi/lib/thumb\libstdc++.a(eh_exception.o)
                0x0200f334                std::bad_exception::what() const
                0x0200f334                transaction clone for std::bad_exception::what() const
 .text._ZNSt13bad_exceptionD0Ev
                0x0200f33c       0x14 c:/devkitpro/devkitarm/bin/../lib/gcc/arm-none-eabi/7.1.0/../../../../arm-none-eabi/lib/thumb\libstdc++.a(eh_exception.o)
                0x0200f33c                std::bad_exception::~bad_exception()
 .text._ZN10__cxxabiv120__si_class_type_infoD2Ev
                0x0200f350       0x1c c:/devkitpro/devkitarm/bin/../lib/gcc/arm-none-eabi/7.1.0/../../../../arm-none-eabi/lib/thumb\libstdc++.a(si_class_type_info.o)
                0x0200f350                __cxxabiv1::__si_class_type_info::~__si_class_type_info()
                0x0200f350                __cxxabiv1::__si_class_type_info::~__si_class_type_info()
 .text._ZN10__cxxabiv120__si_class_type_infoD0Ev
                0x0200f36c       0x24 c:/devkitpro/devkitarm/bin/../lib/gcc/arm-none-eabi/7.1.0/../../../../arm-none-eabi/lib/thumb\libstdc++.a(si_class_type_info.o)
                0x0200f36c                __cxxabiv1::__si_class_type_info::~__si_class_type_info()
 .text._ZNK10__cxxabiv120__si_class_type_info20__do_find_public_srcEiPKvPKNS_17__class_type_infoES2_
                0x0200f390       0x40 c:/devkitpro/devkitarm/bin/../lib/gcc/arm-none-eabi/7.1.0/../../../../arm-none-eabi/lib/thumb\libstdc++.a(si_class_type_info.o)
                0x0200f390                __cxxabiv1::__si_class_type_info::__do_find_public_src(int, void const*, __cxxabiv1::__class_type_info const*, void const*) const
 .text._ZNK10__cxxabiv120__si_class_type_info12__do_dyncastEiNS_17__class_type_info10__sub_kindEPKS1_PKvS4_S6_RNS1_16__dyncast_resultE
                0x0200f3d0       0x9c c:/devkitpro/devkitarm/bin/../lib/gcc/arm-none-eabi/7.1.0/../../../../arm-none-eabi/lib/thumb\libstdc++.a(si_class_type_info.o)
                0x0200f3d0                __cxxabiv1::__si_class_type_info::__do_dyncast(int, __cxxabiv1::__class_type_info::__sub_kind, __cxxabiv1::__class_type_info const*, void const*, __cxxabiv1::__class_type_info const*, void const*, __cxxabiv1::__class_type_info::__dyncast_result&) const
 .text._ZNK10__cxxabiv120__si_class_type_info11__do_upcastEPKNS_17__class_type_infoEPKvRNS1_15__upcast_resultE
                0x0200f46c       0x2c c:/devkitpro/devkitarm/bin/../lib/gcc/arm-none-eabi/7.1.0/../../../../arm-none-eabi/lib/thumb\libstdc++.a(si_class_type_info.o)
                0x0200f46c                __cxxabiv1::__si_class_type_info::__do_upcast(__cxxabiv1::__class_type_info const*, void const*, __cxxabiv1::__class_type_info::__upcast_result&) const
 .text._ZN10__cxxabiv1L24__is_gxx_exception_classEPc
                0x0200f498       0x3c c:/devkitpro/devkitarm/bin/../lib/gcc/arm-none-eabi/7.1.0/../../../../arm-none-eabi/lib/thumb\libstdc++.a(eh_call.o)
 .text.__cxa_call_terminate
                0x0200f4d4       0x20 c:/devkitpro/devkitarm/bin/../lib/gcc/arm-none-eabi/7.1.0/../../../../arm-none-eabi/lib/thumb\libstdc++.a(eh_call.o)
                0x0200f4d4                __cxa_call_terminate
 .text.__cxa_call_unexpected
                0x0200f4f4       0xf8 c:/devkitpro/devkitarm/bin/../lib/gcc/arm-none-eabi/7.1.0/../../../../arm-none-eabi/lib/thumb\libstdc++.a(eh_call.o)
                0x0200f4f4                __cxa_call_unexpected
 .text.__cxa_get_globals_fast
                0x0200f5ec        0x8 c:/devkitpro/devkitarm/bin/../lib/gcc/arm-none-eabi/7.1.0/../../../../arm-none-eabi/lib/thumb\libstdc++.a(eh_globals.o)
                0x0200f5ec                __cxa_get_globals_fast
 .text.__cxa_get_globals
                0x0200f5f4        0x8 c:/devkitpro/devkitarm/bin/../lib/gcc/arm-none-eabi/7.1.0/../../../../arm-none-eabi/lib/thumb\libstdc++.a(eh_globals.o)
                0x0200f5f4                __cxa_get_globals
 .text.__cxa_begin_catch
                0x0200f5fc       0x7c c:/devkitpro/devkitarm/bin/../lib/gcc/arm-none-eabi/7.1.0/../../../../arm-none-eabi/lib/thumb\libstdc++.a(eh_catch.o)
                0x0200f5fc                __cxa_begin_catch
 .text.__cxa_end_catch
                0x0200f678       0x90 c:/devkitpro/devkitarm/bin/../lib/gcc/arm-none-eabi/7.1.0/../../../../arm-none-eabi/lib/thumb\libstdc++.a(eh_catch.o)
                0x0200f678                __cxa_end_catch
 .text._ZNSt9type_infoD2Ev
                0x0200f708        0x4 c:/devkitpro/devkitarm/bin/../lib/gcc/arm-none-eabi/7.1.0/../../../../arm-none-eabi/lib/thumb\libstdc++.a(tinfo.o)
                0x0200f708                std::type_info::~type_info()
                0x0200f708                std::type_info::~type_info()
 .text._ZNKSt9type_info14__is_pointer_pEv
                0x0200f70c        0x4 c:/devkitpro/devkitarm/bin/../lib/gcc/arm-none-eabi/7.1.0/../../../../arm-none-eabi/lib/thumb\libstdc++.a(tinfo.o)
                0x0200f70c                std::type_info::__is_pointer_p() const
                0x0200f70c                std::type_info::__is_function_p() const
 .text._ZNKSt9type_infoeqERKS_
                0x0200f710       0x30 c:/devkitpro/devkitarm/bin/../lib/gcc/arm-none-eabi/7.1.0/../../../../arm-none-eabi/lib/thumb\libstdc++.a(tinfo.o)
                0x0200f710                std::type_info::operator==(std::type_info const&) const
 .text._ZL28read_encoded_value_with_basehjPKhPj
                0x0200f740      0x108 c:/devkitpro/devkitarm/bin/../lib/gcc/arm-none-eabi/7.1.0/../../../../arm-none-eabi/lib/thumb\libstdc++.a(eh_personality.o)
 .text._ZL21base_of_encoded_valuehP15_Unwind_Context.part.3
                0x0200f848       0x44 c:/devkitpro/devkitarm/bin/../lib/gcc/arm-none-eabi/7.1.0/../../../../arm-none-eabi/lib/thumb\libstdc++.a(eh_personality.o)
 .text._ZL17parse_lsda_headerP15_Unwind_ContextPKhP16lsda_header_info
                0x0200f88c       0xa0 c:/devkitpro/devkitarm/bin/../lib/gcc/arm-none-eabi/7.1.0/../../../../arm-none-eabi/lib/thumb\libstdc++.a(eh_personality.o)
 .text.__gxx_personality_v0
                0x0200f92c      0x4b0 c:/devkitpro/devkitarm/bin/../lib/gcc/arm-none-eabi/7.1.0/../../../../arm-none-eabi/lib/thumb\libstdc++.a(eh_personality.o)
                0x0200f92c                __gxx_personality_v0
 .text._ZNK10__cxxabiv117__class_type_info11__do_upcastEPKS0_PPv
                0x0200fddc       0x40 c:/devkitpro/devkitarm/bin/../lib/gcc/arm-none-eabi/7.1.0/../../../../arm-none-eabi/lib/thumb\libstdc++.a(class_type_info.o)
                0x0200fddc                __cxxabiv1::__class_type_info::__do_upcast(__cxxabiv1::__class_type_info const*, void**) const
 .text._ZNK10__cxxabiv117__class_type_info20__do_find_public_srcEiPKvPKS0_S2_
                0x0200fe1c       0x14 c:/devkitpro/devkitarm/bin/../lib/gcc/arm-none-eabi/7.1.0/../../../../arm-none-eabi/lib/thumb\libstdc++.a(class_type_info.o)
                0x0200fe1c                __cxxabiv1::__class_type_info::__do_find_public_src(int, void const*, __cxxabiv1::__class_type_info const*, void const*) const
 .text._ZN10__cxxabiv117__class_type_infoD2Ev
                0x0200fe30       0x1c c:/devkitpro/devkitarm/bin/../lib/gcc/arm-none-eabi/7.1.0/../../../../arm-none-eabi/lib/thumb\libstdc++.a(class_type_info.o)
                0x0200fe30                __cxxabiv1::__class_type_info::~__class_type_info()
                0x0200fe30                __cxxabiv1::__class_type_info::~__class_type_info()
 .text._ZN10__cxxabiv117__class_type_infoD0Ev
                0x0200fe4c       0x24 c:/devkitpro/devkitarm/bin/../lib/gcc/arm-none-eabi/7.1.0/../../../../arm-none-eabi/lib/thumb\libstdc++.a(class_type_info.o)
                0x0200fe4c                __cxxabiv1::__class_type_info::~__class_type_info()
 .text._ZNK10__cxxabiv117__class_type_info12__do_dyncastEiNS0_10__sub_kindEPKS0_PKvS3_S5_RNS0_16__dyncast_resultE
                0x0200fe70       0x44 c:/devkitpro/devkitarm/bin/../lib/gcc/arm-none-eabi/7.1.0/../../../../arm-none-eabi/lib/thumb\libstdc++.a(class_type_info.o)
                0x0200fe70                __cxxabiv1::__class_type_info::__do_dyncast(int, __cxxabiv1::__class_type_info::__sub_kind, __cxxabiv1::__class_type_info const*, void const*, __cxxabiv1::__class_type_info const*, void const*, __cxxabiv1::__class_type_info::__dyncast_result&) const
 .text._ZNK10__cxxabiv117__class_type_info11__do_upcastEPKS0_PKvRNS0_15__upcast_resultE
                0x0200feb4       0x20 c:/devkitpro/devkitarm/bin/../lib/gcc/arm-none-eabi/7.1.0/../../../../arm-none-eabi/lib/thumb\libstdc++.a(class_type_info.o)
                0x0200feb4                __cxxabiv1::__class_type_info::__do_upcast(__cxxabiv1::__class_type_info const*, void const*, __cxxabiv1::__class_type_info::__upcast_result&) const
 .text._ZNK10__cxxabiv117__class_type_info10__do_catchEPKSt9type_infoPPvj
                0x0200fed4       0x30 c:/devkitpro/devkitarm/bin/../lib/gcc/arm-none-eabi/7.1.0/../../../../arm-none-eabi/lib/thumb\libstdc++.a(class_type_info.o)
                0x0200fed4                __cxxabiv1::__class_type_info::__do_catch(std::type_info const*, void**, unsigned int) const
 .text._ZNKSt11logic_error4whatEv
                0x0200ff04        0x4 c:/devkitpro/devkitarm/bin/../lib/gcc/arm-none-eabi/7.1.0/../../../../arm-none-eabi/lib/thumb\libstdc++.a(stdexcept.o)
                0x0200ff04                std::logic_error::what() const
 .text._ZNSt11logic_errorD2Ev
                0x0200ff08       0x44 c:/devkitpro/devkitarm/bin/../lib/gcc/arm-none-eabi/7.1.0/../../../../arm-none-eabi/lib/thumb\libstdc++.a(stdexcept.o)
                0x0200ff08                std::logic_error::~logic_error()
                0x0200ff08                std::logic_error::~logic_error()
 .text._ZNSt11logic_errorD0Ev
                0x0200ff4c       0x18 c:/devkitpro/devkitarm/bin/../lib/gcc/arm-none-eabi/7.1.0/../../../../arm-none-eabi/lib/thumb\libstdc++.a(stdexcept.o)
                0x0200ff4c                std::logic_error::~logic_error()
 .text._ZNSt12length_errorD2Ev
                0x0200ff64       0x1c c:/devkitpro/devkitarm/bin/../lib/gcc/arm-none-eabi/7.1.0/../../../../arm-none-eabi/lib/thumb\libstdc++.a(stdexcept.o)
                0x0200ff64                std::length_error::~length_error()
                0x0200ff64                std::length_error::~length_error()
 .text._ZNSt12length_errorD0Ev
                0x0200ff80       0x20 c:/devkitpro/devkitarm/bin/../lib/gcc/arm-none-eabi/7.1.0/../../../../arm-none-eabi/lib/thumb\libstdc++.a(stdexcept.o)
                0x0200ff80                std::length_error::~length_error()
 .text._ZNSt12out_of_rangeD2Ev
                0x0200ffa0       0x1c c:/devkitpro/devkitarm/bin/../lib/gcc/arm-none-eabi/7.1.0/../../../../arm-none-eabi/lib/thumb\libstdc++.a(stdexcept.o)
                0x0200ffa0                std::out_of_range::~out_of_range()
                0x0200ffa0                std::out_of_range::~out_of_range()
 .text._ZNSt12out_of_rangeD0Ev
                0x0200ffbc       0x20 c:/devkitpro/devkitarm/bin/../lib/gcc/arm-none-eabi/7.1.0/../../../../arm-none-eabi/lib/thumb\libstdc++.a(stdexcept.o)
                0x0200ffbc                std::out_of_range::~out_of_range()
 .text.__muldi3
                0x0200ffdc       0x60 c:/devkitpro/devkitarm/bin/../lib/gcc/arm-none-eabi/7.1.0/thumb\libgcc.a(_muldi3.o)
                0x0200ffdc                __muldi3
                0x0200ffdc                __aeabi_lmul
 .text.__udivmoddi4
                0x0201003c      0x188 c:/devkitpro/devkitarm/bin/../lib/gcc/arm-none-eabi/7.1.0/thumb\libgcc.a(_udivmoddi4.o)
                0x0201003c                __udivmoddi4
 .text.selfrel_offset31
                0x020101c4       0x18 c:/devkitpro/devkitarm/bin/../lib/gcc/arm-none-eabi/7.1.0/thumb\libgcc.a(unwind-arm.o)
 .text.search_EIT_table
                0x020101dc       0x78 c:/devkitpro/devkitarm/bin/../lib/gcc/arm-none-eabi/7.1.0/thumb\libgcc.a(unwind-arm.o)
 .text.__gnu_unwind_get_pr_addr
                0x02010254       0x28 c:/devkitpro/devkitarm/bin/../lib/gcc/arm-none-eabi/7.1.0/thumb\libgcc.a(unwind-arm.o)
 .text.get_eit_entry
                0x0201027c       0xa0 c:/devkitpro/devkitarm/bin/../lib/gcc/arm-none-eabi/7.1.0/thumb\libgcc.a(unwind-arm.o)
 .text.restore_non_core_regs
                0x0201031c       0x58 c:/devkitpro/devkitarm/bin/../lib/gcc/arm-none-eabi/7.1.0/thumb\libgcc.a(unwind-arm.o)
 .text._Unwind_decode_typeinfo_ptr.isra.0
                0x02010374        0xc c:/devkitpro/devkitarm/bin/../lib/gcc/arm-none-eabi/7.1.0/thumb\libgcc.a(unwind-arm.o)
 .text._Unwind_DebugHook
                0x02010380        0x4 c:/devkitpro/devkitarm/bin/../lib/gcc/arm-none-eabi/7.1.0/thumb\libgcc.a(unwind-arm.o)
 .text.unwind_phase2
                0x02010384       0x40 c:/devkitpro/devkitarm/bin/../lib/gcc/arm-none-eabi/7.1.0/thumb\libgcc.a(unwind-arm.o)
 .text.unwind_phase2_forced
                0x020103c4       0xd8 c:/devkitpro/devkitarm/bin/../lib/gcc/arm-none-eabi/7.1.0/thumb\libgcc.a(unwind-arm.o)
 .text.__gnu_Unwind_RaiseException
                0x0201049c       0x5c c:/devkitpro/devkitarm/bin/../lib/gcc/arm-none-eabi/7.1.0/thumb\libgcc.a(unwind-arm.o)
                0x0201049c                __gnu_Unwind_RaiseException
 .text.__gnu_Unwind_ForcedUnwind
                0x020104f8       0x18 c:/devkitpro/devkitarm/bin/../lib/gcc/arm-none-eabi/7.1.0/thumb\libgcc.a(unwind-arm.o)
                0x020104f8                __gnu_Unwind_ForcedUnwind
 .text.__gnu_Unwind_Resume
                0x02010510       0x4c c:/devkitpro/devkitarm/bin/../lib/gcc/arm-none-eabi/7.1.0/thumb\libgcc.a(unwind-arm.o)
                0x02010510                __gnu_Unwind_Resume
 .text.__gnu_Unwind_Resume_or_Rethrow
                0x0201055c       0x20 c:/devkitpro/devkitarm/bin/../lib/gcc/arm-none-eabi/7.1.0/thumb\libgcc.a(unwind-arm.o)
                0x0201055c                __gnu_Unwind_Resume_or_Rethrow
 .text._Unwind_Complete
                0x0201057c        0x4 c:/devkitpro/devkitarm/bin/../lib/gcc/arm-none-eabi/7.1.0/thumb\libgcc.a(unwind-arm.o)
                0x0201057c                _Unwind_Complete
 .text._Unwind_DeleteException
                0x02010580       0x18 c:/devkitpro/devkitarm/bin/../lib/gcc/arm-none-eabi/7.1.0/thumb\libgcc.a(unwind-arm.o)
                0x02010580                _Unwind_DeleteException
 .text._Unwind_VRS_Get
                0x02010598       0x34 c:/devkitpro/devkitarm/bin/../lib/gcc/arm-none-eabi/7.1.0/thumb\libgcc.a(unwind-arm.o)
                0x02010598                _Unwind_VRS_Get
 .text._Unwind_GetGR
                0x020105cc       0x1c c:/devkitpro/devkitarm/bin/../lib/gcc/arm-none-eabi/7.1.0/thumb\libgcc.a(unwind-arm.o)
 .text._Unwind_VRS_Set
                0x020105e8       0x34 c:/devkitpro/devkitarm/bin/../lib/gcc/arm-none-eabi/7.1.0/thumb\libgcc.a(unwind-arm.o)
                0x020105e8                _Unwind_VRS_Set
 .text._Unwind_SetGR
                0x0201061c       0x1c c:/devkitpro/devkitarm/bin/../lib/gcc/arm-none-eabi/7.1.0/thumb\libgcc.a(unwind-arm.o)
 .text.__gnu_Unwind_Backtrace
                0x02010638       0x80 c:/devkitpro/devkitarm/bin/../lib/gcc/arm-none-eabi/7.1.0/thumb\libgcc.a(unwind-arm.o)
                0x02010638                __gnu_Unwind_Backtrace
 .text.__gnu_unwind_pr_common
                0x020106b8      0x2f4 c:/devkitpro/devkitarm/bin/../lib/gcc/arm-none-eabi/7.1.0/thumb\libgcc.a(unwind-arm.o)
 .text.__aeabi_unwind_cpp_pr0
                0x020109ac       0x10 c:/devkitpro/devkitarm/bin/../lib/gcc/arm-none-eabi/7.1.0/thumb\libgcc.a(unwind-arm.o)
                0x020109ac                __aeabi_unwind_cpp_pr0
 .text.__aeabi_unwind_cpp_pr1
                0x020109bc       0x10 c:/devkitpro/devkitarm/bin/../lib/gcc/arm-none-eabi/7.1.0/thumb\libgcc.a(unwind-arm.o)
                0x020109bc                __aeabi_unwind_cpp_pr1
 .text.__aeabi_unwind_cpp_pr2
                0x020109cc       0x10 c:/devkitpro/devkitarm/bin/../lib/gcc/arm-none-eabi/7.1.0/thumb\libgcc.a(unwind-arm.o)
                0x020109cc                __aeabi_unwind_cpp_pr2
 .text._Unwind_VRS_Pop
                0x020109dc      0x2b0 c:/devkitpro/devkitarm/bin/../lib/gcc/arm-none-eabi/7.1.0/thumb\libgcc.a(unwind-arm.o)
                0x020109dc                _Unwind_VRS_Pop
 .text.next_unwind_byte
                0x02010c8c       0x34 c:/devkitpro/devkitarm/bin/../lib/gcc/arm-none-eabi/7.1.0/thumb\libgcc.a(pr-support.o)
 .text._Unwind_GetGR.constprop.0
                0x02010cc0       0x1c c:/devkitpro/devkitarm/bin/../lib/gcc/arm-none-eabi/7.1.0/thumb\libgcc.a(pr-support.o)
 .text.unwind_UCB_from_context
                0x02010cdc        0xc c:/devkitpro/devkitarm/bin/../lib/gcc/arm-none-eabi/7.1.0/thumb\libgcc.a(pr-support.o)
 .text.__gnu_unwind_execute
                0x02010ce8      0x2f0 c:/devkitpro/devkitarm/bin/../lib/gcc/arm-none-eabi/7.1.0/thumb\libgcc.a(pr-support.o)
                0x02010ce8                __gnu_unwind_execute
 .text.__gnu_unwind_frame
                0x02010fd8       0x2c c:/devkitpro/devkitarm/bin/../lib/gcc/arm-none-eabi/7.1.0/thumb\libgcc.a(pr-support.o)
                0x02010fd8                __gnu_unwind_frame
 .text._Unwind_GetRegionStart
                0x02011004       0x10 c:/devkitpro/devkitarm/bin/../lib/gcc/arm-none-eabi/7.1.0/thumb\libgcc.a(pr-support.o)
                0x02011004                _Unwind_GetRegionStart
 .text._Unwind_GetLanguageSpecificData
                0x02011014       0x18 c:/devkitpro/devkitarm/bin/../lib/gcc/arm-none-eabi/7.1.0/thumb\libgcc.a(pr-support.o)
                0x02011014                _Unwind_GetLanguageSpecificData
 .text._Unwind_GetDataRelBase
                0x0201102c        0x8 c:/devkitpro/devkitarm/bin/../lib/gcc/arm-none-eabi/7.1.0/thumb\libgcc.a(pr-support.o)
                0x0201102c                _Unwind_GetDataRelBase
 .text._Unwind_GetTextRelBase
                0x02011034        0x8 c:/devkitpro/devkitarm/bin/../lib/gcc/arm-none-eabi/7.1.0/thumb\libgcc.a(pr-support.o)
                0x02011034                _Unwind_GetTextRelBase
 .text.abort    0x0201103c       0x10 c:/devkitpro/devkitarm/bin/../lib/gcc/arm-none-eabi/7.1.0/../../../../arm-none-eabi/lib/thumb\libg.a(lib_a-abort.o)
                0x0201103c                abort
 .text.calloc   0x0201104c       0x18 c:/devkitpro/devkitarm/bin/../lib/gcc/arm-none-eabi/7.1.0/../../../../arm-none-eabi/lib/thumb\libg.a(lib_a-calloc.o)
                0x0201104c                calloc
 .text._calloc_r
                0x02011064       0x60 c:/devkitpro/devkitarm/bin/../lib/gcc/arm-none-eabi/7.1.0/../../../../arm-none-eabi/lib/thumb\libg.a(lib_a-callocr.o)
                0x02011064                _calloc_r
 .text._fclose_r
                0x020110c4       0xe0 c:/devkitpro/devkitarm/bin/../lib/gcc/arm-none-eabi/7.1.0/../../../../arm-none-eabi/lib/thumb\libg.a(lib_a-fclose.o)
                0x020110c4                _fclose_r
 .text.fclose   0x020111a4       0x14 c:/devkitpro/devkitarm/bin/../lib/gcc/arm-none-eabi/7.1.0/../../../../arm-none-eabi/lib/thumb\libg.a(lib_a-fclose.o)
                0x020111a4                fclose
 .text.__sflush_r
                0x020111b8      0x19c c:/devkitpro/devkitarm/bin/../lib/gcc/arm-none-eabi/7.1.0/../../../../arm-none-eabi/lib/thumb\libg.a(lib_a-fflush.o)
                0x020111b8                __sflush_r
 .text._fflush_r
                0x02011354       0x58 c:/devkitpro/devkitarm/bin/../lib/gcc/arm-none-eabi/7.1.0/../../../../arm-none-eabi/lib/thumb\libg.a(lib_a-fflush.o)
                0x02011354                _fflush_r
 .text.fflush   0x020113ac       0x2c c:/devkitpro/devkitarm/bin/../lib/gcc/arm-none-eabi/7.1.0/../../../../arm-none-eabi/lib/thumb\libg.a(lib_a-fflush.o)
                0x020113ac                fflush
 .text._cleanup_r
                0x020113d8       0x14 c:/devkitpro/devkitarm/bin/../lib/gcc/arm-none-eabi/7.1.0/../../../../arm-none-eabi/lib/thumb\libg.a(lib_a-findfp.o)
                0x020113d8                _cleanup_r
 .text.std.isra.0
                0x020113ec       0x54 c:/devkitpro/devkitarm/bin/../lib/gcc/arm-none-eabi/7.1.0/../../../../arm-none-eabi/lib/thumb\libg.a(lib_a-findfp.o)
 .text.__sfmoreglue
                0x02011440       0x34 c:/devkitpro/devkitarm/bin/../lib/gcc/arm-none-eabi/7.1.0/../../../../arm-none-eabi/lib/thumb\libg.a(lib_a-findfp.o)
                0x02011440                __sfmoreglue
 .text.__sinit  0x02011474       0x64 c:/devkitpro/devkitarm/bin/../lib/gcc/arm-none-eabi/7.1.0/../../../../arm-none-eabi/lib/thumb\libg.a(lib_a-findfp.o)
                0x02011474                __sinit
 .text.__sfp    0x020114d8       0xb0 c:/devkitpro/devkitarm/bin/../lib/gcc/arm-none-eabi/7.1.0/../../../../arm-none-eabi/lib/thumb\libg.a(lib_a-findfp.o)
                0x020114d8                __sfp
 .text.__sfp_lock_acquire
                0x02011588       0x14 c:/devkitpro/devkitarm/bin/../lib/gcc/arm-none-eabi/7.1.0/../../../../arm-none-eabi/lib/thumb\libg.a(lib_a-findfp.o)
                0x02011588                __sfp_lock_acquire
 .text.__sfp_lock_release
                0x0201159c       0x14 c:/devkitpro/devkitarm/bin/../lib/gcc/arm-none-eabi/7.1.0/../../../../arm-none-eabi/lib/thumb\libg.a(lib_a-findfp.o)
                0x0201159c                __sfp_lock_release
 .text._fopen_r
                0x020115b0       0xb8 c:/devkitpro/devkitarm/bin/../lib/gcc/arm-none-eabi/7.1.0/../../../../arm-none-eabi/lib/thumb\libg.a(lib_a-fopen.o)
                0x020115b0                _fopen_r
 .text.fopen    0x02011668       0x18 c:/devkitpro/devkitarm/bin/../lib/gcc/arm-none-eabi/7.1.0/../../../../arm-none-eabi/lib/thumb\libg.a(lib_a-fopen.o)
                0x02011668                fopen
 .text._fread_r
                0x02011680      0x1fc c:/devkitpro/devkitarm/bin/../lib/gcc/arm-none-eabi/7.1.0/../../../../arm-none-eabi/lib/thumb\libg.a(lib_a-fread.o)
                0x02011680                _fread_r
 .text.fread    0x0201187c       0x24 c:/devkitpro/devkitarm/bin/../lib/gcc/arm-none-eabi/7.1.0/../../../../arm-none-eabi/lib/thumb\libg.a(lib_a-fread.o)
                0x0201187c                fread
 .text._malloc_trim_r
                0x020118a0       0xa4 c:/devkitpro/devkitarm/bin/../lib/gcc/arm-none-eabi/7.1.0/../../../../arm-none-eabi/lib/thumb\libg.a(lib_a-freer.o)
                0x020118a0                _malloc_trim_r
 .text._free_r  0x02011944      0x1d8 c:/devkitpro/devkitarm/bin/../lib/gcc/arm-none-eabi/7.1.0/../../../../arm-none-eabi/lib/thumb\libg.a(lib_a-freer.o)
                0x02011944                _free_r
 .text._fseek_r
                0x02011b1c       0x14 c:/devkitpro/devkitarm/bin/../lib/gcc/arm-none-eabi/7.1.0/../../../../arm-none-eabi/lib/thumb\libg.a(lib_a-fseek.o)
                0x02011b1c                _fseek_r
 .text.fseek    0x02011b30       0x24 c:/devkitpro/devkitarm/bin/../lib/gcc/arm-none-eabi/7.1.0/../../../../arm-none-eabi/lib/thumb\libg.a(lib_a-fseek.o)
                0x02011b30                fseek
 .text._fseeko_r
                0x02011b54      0x428 c:/devkitpro/devkitarm/bin/../lib/gcc/arm-none-eabi/7.1.0/../../../../arm-none-eabi/lib/thumb\libg.a(lib_a-fseeko.o)
                0x02011b54                _fseeko_r
 .text._fwalk   0x02011f7c       0x4c c:/devkitpro/devkitarm/bin/../lib/gcc/arm-none-eabi/7.1.0/../../../../arm-none-eabi/lib/thumb\libg.a(lib_a-fwalk.o)
                0x02011f7c                _fwalk
 .text._fwalk_reent
                0x02011fc8       0x54 c:/devkitpro/devkitarm/bin/../lib/gcc/arm-none-eabi/7.1.0/../../../../arm-none-eabi/lib/thumb\libg.a(lib_a-fwalk.o)
                0x02011fc8                _fwalk_reent
 .text._fwrite_r
                0x0201201c       0x94 c:/devkitpro/devkitarm/bin/../lib/gcc/arm-none-eabi/7.1.0/../../../../arm-none-eabi/lib/thumb\libg.a(lib_a-fwrite.o)
                0x0201201c                _fwrite_r
 .text.fwrite   0x020120b0       0x24 c:/devkitpro/devkitarm/bin/../lib/gcc/arm-none-eabi/7.1.0/../../../../arm-none-eabi/lib/thumb\libg.a(lib_a-fwrite.o)
                0x020120b0                fwrite
 .text.__libc_init_array
                0x020120d4       0x54 c:/devkitpro/devkitarm/bin/../lib/gcc/arm-none-eabi/7.1.0/../../../../arm-none-eabi/lib/thumb\libg.a(lib_a-init.o)
                0x020120d4                __libc_init_array
 .text.iprintf  0x02012128       0x24 c:/devkitpro/devkitarm/bin/../lib/gcc/arm-none-eabi/7.1.0/../../../../arm-none-eabi/lib/thumb\libg.a(lib_a-iprintf.o)
                0x02012128                iprintf
 .text.localtime_r
                0x0201214c      0x214 c:/devkitpro/devkitarm/bin/../lib/gcc/arm-none-eabi/7.1.0/../../../../arm-none-eabi/lib/thumb\libg.a(lib_a-lcltime_r.o)
                0x0201214c                localtime_r
 .text.__locale_mb_cur_max
                0x02012360       0x20 c:/devkitpro/devkitarm/bin/../lib/gcc/arm-none-eabi/7.1.0/../../../../arm-none-eabi/lib/thumb\libg.a(lib_a-locale.o)
                0x02012360                __locale_mb_cur_max
 .text.__locale_ctype_ptr_l
                0x02012380        0x8 c:/devkitpro/devkitarm/bin/../lib/gcc/arm-none-eabi/7.1.0/../../../../arm-none-eabi/lib/thumb\libg.a(lib_a-locale.o)
                0x02012380                __locale_ctype_ptr_l
 .text.__locale_ctype_ptr
                0x02012388       0x1c c:/devkitpro/devkitarm/bin/../lib/gcc/arm-none-eabi/7.1.0/../../../../arm-none-eabi/lib/thumb\libg.a(lib_a-locale.o)
                0x02012388                __locale_ctype_ptr
 .text.__swhatbuf_r
                0x020123a4       0x64 c:/devkitpro/devkitarm/bin/../lib/gcc/arm-none-eabi/7.1.0/../../../../arm-none-eabi/lib/thumb\libg.a(lib_a-makebuf.o)
                0x020123a4                __swhatbuf_r
 .text.__smakebuf_r
                0x02012408       0x98 c:/devkitpro/devkitarm/bin/../lib/gcc/arm-none-eabi/7.1.0/../../../../arm-none-eabi/lib/thumb\libg.a(lib_a-makebuf.o)
                0x02012408                __smakebuf_r
 .text.malloc   0x020124a0       0x14 c:/devkitpro/devkitarm/bin/../lib/gcc/arm-none-eabi/7.1.0/../../../../arm-none-eabi/lib/thumb\libg.a(lib_a-malloc.o)
                0x020124a0                malloc
 .text.free     0x020124b4       0x14 c:/devkitpro/devkitarm/bin/../lib/gcc/arm-none-eabi/7.1.0/../../../../arm-none-eabi/lib/thumb\libg.a(lib_a-malloc.o)
                0x020124b4                free
 .text._malloc_r
                0x020124c8      0x56c c:/devkitpro/devkitarm/bin/../lib/gcc/arm-none-eabi/7.1.0/../../../../arm-none-eabi/lib/thumb\libg.a(lib_a-mallocr.o)
                0x020124c8                _malloc_r
 .text._mbrtowc_r
                0x02012a34       0x94 c:/devkitpro/devkitarm/bin/../lib/gcc/arm-none-eabi/7.1.0/../../../../arm-none-eabi/lib/thumb\libg.a(lib_a-mbrtowc.o)
                0x02012a34                _mbrtowc_r
 .text.mbrtowc  0x02012ac8       0x94 c:/devkitpro/devkitarm/bin/../lib/gcc/arm-none-eabi/7.1.0/../../../../arm-none-eabi/lib/thumb\libg.a(lib_a-mbrtowc.o)
                0x02012ac8                mbrtowc
 .text.mbsrtowcs
                0x02012b5c       0x28 c:/devkitpro/devkitarm/bin/../lib/gcc/arm-none-eabi/7.1.0/../../../../arm-none-eabi/lib/thumb\libg.a(lib_a-mbsrtowcs.o)
                0x02012b5c                mbsrtowcs
 .text.__utf8_mbtowc
                0x02012b84      0x28c c:/devkitpro/devkitarm/bin/../lib/gcc/arm-none-eabi/7.1.0/../../../../arm-none-eabi/lib/thumb\libg.a(lib_a-mbtowc_r.o)
                0x02012b84                __utf8_mbtowc
 .text.memchr   0x02012e10       0x84 c:/devkitpro/devkitarm/bin/../lib/gcc/arm-none-eabi/7.1.0/../../../../arm-none-eabi/lib/thumb\libg.a(lib_a-memchr-stub.o)
                0x02012e10                memchr
 .text.memcmp   0x02012e94       0x50 c:/devkitpro/devkitarm/bin/../lib/gcc/arm-none-eabi/7.1.0/../../../../arm-none-eabi/lib/thumb\libg.a(lib_a-memcmp.o)
                0x02012e94                memcmp
 .text.memcpy   0x02012ee4       0x8c c:/devkitpro/devkitarm/bin/../lib/gcc/arm-none-eabi/7.1.0/../../../../arm-none-eabi/lib/thumb\libg.a(lib_a-memcpy-stub.o)
                0x02012ee4                memcpy
 .text.memmove  0x02012f70       0xa0 c:/devkitpro/devkitarm/bin/../lib/gcc/arm-none-eabi/7.1.0/../../../../arm-none-eabi/lib/thumb\libg.a(lib_a-memmove.o)
                0x02012f70                memmove
 .text.memset   0x02013010       0xa4 c:/devkitpro/devkitarm/bin/../lib/gcc/arm-none-eabi/7.1.0/../../../../arm-none-eabi/lib/thumb\libg.a(lib_a-memset.o)
                0x02013010                memset
 .text.validate_structure
                0x020130b4      0x1e8 c:/devkitpro/devkitarm/bin/../lib/gcc/arm-none-eabi/7.1.0/../../../../arm-none-eabi/lib/thumb\libg.a(lib_a-mktime.o)
 .text.mktime   0x0201329c      0x388 c:/devkitpro/devkitarm/bin/../lib/gcc/arm-none-eabi/7.1.0/../../../../arm-none-eabi/lib/thumb\libg.a(lib_a-mktime.o)
                0x0201329c                mktime
 .text.__malloc_lock
                0x02013624       0x14 c:/devkitpro/devkitarm/bin/../lib/gcc/arm-none-eabi/7.1.0/../../../../arm-none-eabi/lib/thumb\libg.a(lib_a-mlock.o)
                0x02013624                __malloc_lock
 .text.__malloc_unlock
                0x02013638       0x14 c:/devkitpro/devkitarm/bin/../lib/gcc/arm-none-eabi/7.1.0/../../../../arm-none-eabi/lib/thumb\libg.a(lib_a-mlock.o)
                0x02013638                __malloc_unlock
 .text.lflush   0x0201364c       0x20 c:/devkitpro/devkitarm/bin/../lib/gcc/arm-none-eabi/7.1.0/../../../../arm-none-eabi/lib/thumb\libg.a(lib_a-refill.o)
 .text.__srefill_r
                0x0201366c      0x110 c:/devkitpro/devkitarm/bin/../lib/gcc/arm-none-eabi/7.1.0/../../../../arm-none-eabi/lib/thumb\libg.a(lib_a-refill.o)
                0x0201366c                __srefill_r
 .text.setvbuf  0x0201377c      0x194 c:/devkitpro/devkitarm/bin/../lib/gcc/arm-none-eabi/7.1.0/../../../../arm-none-eabi/lib/thumb\libg.a(lib_a-setvbuf.o)
                0x0201377c                setvbuf
 .text._raise_r
                0x02013910       0x64 c:/devkitpro/devkitarm/bin/../lib/gcc/arm-none-eabi/7.1.0/../../../../arm-none-eabi/lib/thumb\libg.a(lib_a-signal.o)
                0x02013910                _raise_r
 .text.raise    0x02013974       0x14 c:/devkitpro/devkitarm/bin/../lib/gcc/arm-none-eabi/7.1.0/../../../../arm-none-eabi/lib/thumb\libg.a(lib_a-signal.o)
                0x02013974                raise
 .text.siscanf  0x02013988       0x4c c:/devkitpro/devkitarm/bin/../lib/gcc/arm-none-eabi/7.1.0/../../../../arm-none-eabi/lib/thumb\libg.a(lib_a-siscanf.o)
                0x02013988                siscanf
 .text.snprintf
                0x020139d4       0x7c c:/devkitpro/devkitarm/bin/../lib/gcc/arm-none-eabi/7.1.0/../../../../arm-none-eabi/lib/thumb\libg.a(lib_a-snprintf.o)
                0x020139d4                snprintf
 .text.__sread  0x02013a50       0x34 c:/devkitpro/devkitarm/bin/../lib/gcc/arm-none-eabi/7.1.0/../../../../arm-none-eabi/lib/thumb\libg.a(lib_a-stdio.o)
                0x02013a50                __sread
 .text.__seofread
                0x02013a84        0x4 c:/devkitpro/devkitarm/bin/../lib/gcc/arm-none-eabi/7.1.0/../../../../arm-none-eabi/lib/thumb\libg.a(lib_a-stdio.o)
                0x02013a84                __seofread
 .text.__swrite
                0x02013a88       0x48 c:/devkitpro/devkitarm/bin/../lib/gcc/arm-none-eabi/7.1.0/../../../../arm-none-eabi/lib/thumb\libg.a(lib_a-stdio.o)
                0x02013a88                __swrite
 .text.__sseek  0x02013ad0       0x40 c:/devkitpro/devkitarm/bin/../lib/gcc/arm-none-eabi/7.1.0/../../../../arm-none-eabi/lib/thumb\libg.a(lib_a-stdio.o)
                0x02013ad0                __sseek
 .text.__sclose
                0x02013b10       0x10 c:/devkitpro/devkitarm/bin/../lib/gcc/arm-none-eabi/7.1.0/../../../../arm-none-eabi/lib/thumb\libg.a(lib_a-stdio.o)
                0x02013b10                __sclose
 .text.stpcpy   0x02013b20       0x48 c:/devkitpro/devkitarm/bin/../lib/gcc/arm-none-eabi/7.1.0/../../../../arm-none-eabi/lib/thumb\libg.a(lib_a-stpcpy.o)
                0x02013b20                stpcpy
 .text.strchr   0x02013b68       0xd8 c:/devkitpro/devkitarm/bin/../lib/gcc/arm-none-eabi/7.1.0/../../../../arm-none-eabi/lib/thumb\libg.a(lib_a-strchr.o)
                0x02013b68                strchr
 .text.strcpy   0x02013c40       0x10 c:/devkitpro/devkitarm/bin/../lib/gcc/arm-none-eabi/7.1.0/../../../../arm-none-eabi/lib/thumb\libg.a(lib_a-strcpy.o)
                0x02013c40                strcpy
 .text.strlen   0x02013c50       0x68 c:/devkitpro/devkitarm/bin/../lib/gcc/arm-none-eabi/7.1.0/../../../../arm-none-eabi/lib/thumb\libg.a(lib_a-strlen-stub.o)
                0x02013c50                strlen
 .text.strncasecmp
                0x02013cb8       0x68 c:/devkitpro/devkitarm/bin/../lib/gcc/arm-none-eabi/7.1.0/../../../../arm-none-eabi/lib/thumb\libg.a(lib_a-strncasecmp.o)
                0x02013cb8                strncasecmp
 .text.strncmp  0x02013d20       0x94 c:/devkitpro/devkitarm/bin/../lib/gcc/arm-none-eabi/7.1.0/../../../../arm-none-eabi/lib/thumb\libg.a(lib_a-strncmp.o)
                0x02013d20                strncmp
 .text.strncpy  0x02013db4       0x90 c:/devkitpro/devkitarm/bin/../lib/gcc/arm-none-eabi/7.1.0/../../../../arm-none-eabi/lib/thumb\libg.a(lib_a-strncpy.o)
                0x02013db4                strncpy
 .text.strnlen  0x02013e44       0x24 c:/devkitpro/devkitarm/bin/../lib/gcc/arm-none-eabi/7.1.0/../../../../arm-none-eabi/lib/thumb\libg.a(lib_a-strnlen.o)
                0x02013e44                strnlen
 .text.strpbrk  0x02013e68       0x4c c:/devkitpro/devkitarm/bin/../lib/gcc/arm-none-eabi/7.1.0/../../../../arm-none-eabi/lib/thumb\libg.a(lib_a-strpbrk.o)
                0x02013e68                strpbrk
 .text.strrchr  0x02013eb4       0x2c c:/devkitpro/devkitarm/bin/../lib/gcc/arm-none-eabi/7.1.0/../../../../arm-none-eabi/lib/thumb\libg.a(lib_a-strrchr.o)
                0x02013eb4                strrchr
 .text._strtol_l.isra.0
                0x02013ee0      0x140 c:/devkitpro/devkitarm/bin/../lib/gcc/arm-none-eabi/7.1.0/../../../../arm-none-eabi/lib/thumb\libg.a(lib_a-strtol.o)
 .text._strtol_r
                0x02014020       0x34 c:/devkitpro/devkitarm/bin/../lib/gcc/arm-none-eabi/7.1.0/../../../../arm-none-eabi/lib/thumb\libg.a(lib_a-strtol.o)
                0x02014020                _strtol_r
 .text.strtol   0x02014054       0x38 c:/devkitpro/devkitarm/bin/../lib/gcc/arm-none-eabi/7.1.0/../../../../arm-none-eabi/lib/thumb\libg.a(lib_a-strtol.o)
                0x02014054                strtol
 .text._strtoul_l.isra.0
                0x0201408c      0x14c c:/devkitpro/devkitarm/bin/../lib/gcc/arm-none-eabi/7.1.0/../../../../arm-none-eabi/lib/thumb\libg.a(lib_a-strtoul.o)
 .text._strtoul_r
                0x020141d8       0x34 c:/devkitpro/devkitarm/bin/../lib/gcc/arm-none-eabi/7.1.0/../../../../arm-none-eabi/lib/thumb\libg.a(lib_a-strtoul.o)
                0x020141d8                _strtoul_r
 .text.strtoul  0x0201420c       0x38 c:/devkitpro/devkitarm/bin/../lib/gcc/arm-none-eabi/7.1.0/../../../../arm-none-eabi/lib/thumb\libg.a(lib_a-strtoul.o)
                0x0201420c                strtoul
 .text._sungetc_r
                0x02014244       0x88 c:/devkitpro/devkitarm/bin/../lib/gcc/arm-none-eabi/7.1.0/../../../../arm-none-eabi/lib/thumb\libg.a(lib_a-svfiscanf.o)
                0x02014244                _sungetc_r
 .text.__ssrefill_r
                0x020142cc       0x44 c:/devkitpro/devkitarm/bin/../lib/gcc/arm-none-eabi/7.1.0/../../../../arm-none-eabi/lib/thumb\libg.a(lib_a-svfiscanf.o)
                0x020142cc                __ssrefill_r
 .text._sfread_r
                0x02014310       0x90 c:/devkitpro/devkitarm/bin/../lib/gcc/arm-none-eabi/7.1.0/../../../../arm-none-eabi/lib/thumb\libg.a(lib_a-svfiscanf.o)
                0x02014310                _sfread_r
 .text.__ssvfiscanf_r
                0x020143a0     0x1344 c:/devkitpro/devkitarm/bin/../lib/gcc/arm-none-eabi/7.1.0/../../../../arm-none-eabi/lib/thumb\libg.a(lib_a-svfiscanf.o)
                0x020143a0                __ssvfiscanf_r
 .text.get_arg  0x020156e4     0x3b24 c:/devkitpro/devkitarm/bin/../lib/gcc/arm-none-eabi/7.1.0/../../../../arm-none-eabi/lib/thumb\libg.a(lib_a-svfprintf.o)
 .text._svfprintf_r
                0x02019208     0x2c38 c:/devkitpro/devkitarm/bin/../lib/gcc/arm-none-eabi/7.1.0/../../../../arm-none-eabi/lib/thumb\libg.a(lib_a-svfprintf.o)
                0x02019208                _svfprintf_r